Archive member included to satisfy reference by file (symbol)

c:/ac6/systemworkbench/plugins/fr.ac6.mcu.externaltools.arm-none.win32_1.17.0.201812190825/tools/compiler/bin/../lib/gcc/arm-none-eabi/7.3.1/thumb/v7e-m/fpv4-sp/hard\libgcc.a(_aeabi_uldivmod.o)
                              Drivers/STM32F4xx_HAL_Driver/Src/stm32f4xx_hal_rcc.o (__aeabi_uldivmod)
c:/ac6/systemworkbench/plugins/fr.ac6.mcu.externaltools.arm-none.win32_1.17.0.201812190825/tools/compiler/bin/../lib/gcc/arm-none-eabi/7.3.1/thumb/v7e-m/fpv4-sp/hard\libgcc.a(_udivmoddi4.o)
                              c:/ac6/systemworkbench/plugins/fr.ac6.mcu.externaltools.arm-none.win32_1.17.0.201812190825/tools/compiler/bin/../lib/gcc/arm-none-eabi/7.3.1/thumb/v7e-m/fpv4-sp/hard\libgcc.a(_aeabi_uldivmod.o) (__udivmoddi4)
c:/ac6/systemworkbench/plugins/fr.ac6.mcu.externaltools.arm-none.win32_1.17.0.201812190825/tools/compiler/bin/../lib/gcc/arm-none-eabi/7.3.1/thumb/v7e-m/fpv4-sp/hard\libgcc.a(_dvmd_tls.o)
                              c:/ac6/systemworkbench/plugins/fr.ac6.mcu.externaltools.arm-none.win32_1.17.0.201812190825/tools/compiler/bin/../lib/gcc/arm-none-eabi/7.3.1/thumb/v7e-m/fpv4-sp/hard\libgcc.a(_aeabi_uldivmod.o) (__aeabi_ldiv0)
c:/ac6/systemworkbench/plugins/fr.ac6.mcu.externaltools.arm-none.win32_1.17.0.201812190825/tools/compiler/bin/../lib/gcc/arm-none-eabi/7.3.1/../../../../arm-none-eabi/lib/thumb/v7e-m/fpv4-sp/hard\libc_nano.a(lib_a-errno.o)
                              Src/syscalls.o (__errno)
c:/ac6/systemworkbench/plugins/fr.ac6.mcu.externaltools.arm-none.win32_1.17.0.201812190825/tools/compiler/bin/../lib/gcc/arm-none-eabi/7.3.1/../../../../arm-none-eabi/lib/thumb/v7e-m/fpv4-sp/hard\libc_nano.a(lib_a-exit.o)
                              c:/ac6/systemworkbench/plugins/fr.ac6.mcu.externaltools.arm-none.win32_1.17.0.201812190825/tools/compiler/bin/../lib/gcc/arm-none-eabi/7.3.1/../../../../arm-none-eabi/lib/thumb/v7e-m/fpv4-sp/hard/crt0.o (exit)
c:/ac6/systemworkbench/plugins/fr.ac6.mcu.externaltools.arm-none.win32_1.17.0.201812190825/tools/compiler/bin/../lib/gcc/arm-none-eabi/7.3.1/../../../../arm-none-eabi/lib/thumb/v7e-m/fpv4-sp/hard\libc_nano.a(lib_a-impure.o)
                              c:/ac6/systemworkbench/plugins/fr.ac6.mcu.externaltools.arm-none.win32_1.17.0.201812190825/tools/compiler/bin/../lib/gcc/arm-none-eabi/7.3.1/../../../../arm-none-eabi/lib/thumb/v7e-m/fpv4-sp/hard\libc_nano.a(lib_a-exit.o) (_global_impure_ptr)
c:/ac6/systemworkbench/plugins/fr.ac6.mcu.externaltools.arm-none.win32_1.17.0.201812190825/tools/compiler/bin/../lib/gcc/arm-none-eabi/7.3.1/../../../../arm-none-eabi/lib/thumb/v7e-m/fpv4-sp/hard\libc_nano.a(lib_a-init.o)
                              c:/ac6/systemworkbench/plugins/fr.ac6.mcu.externaltools.arm-none.win32_1.17.0.201812190825/tools/compiler/bin/../lib/gcc/arm-none-eabi/7.3.1/../../../../arm-none-eabi/lib/thumb/v7e-m/fpv4-sp/hard/crt0.o (__libc_init_array)
c:/ac6/systemworkbench/plugins/fr.ac6.mcu.externaltools.arm-none.win32_1.17.0.201812190825/tools/compiler/bin/../lib/gcc/arm-none-eabi/7.3.1/../../../../arm-none-eabi/lib/thumb/v7e-m/fpv4-sp/hard\libc_nano.a(lib_a-memset.o)
                              c:/ac6/systemworkbench/plugins/fr.ac6.mcu.externaltools.arm-none.win32_1.17.0.201812190825/tools/compiler/bin/../lib/gcc/arm-none-eabi/7.3.1/../../../../arm-none-eabi/lib/thumb/v7e-m/fpv4-sp/hard/crt0.o (memset)

Allocating common symbols
Common symbol       size              file

uwTick              0x4               Drivers/STM32F4xx_HAL_Driver/Src/stm32f4xx_hal.o
pFlash              0x20              Drivers/STM32F4xx_HAL_Driver/Src/stm32f4xx_hal_flash.o
htim1               0x40              Src/tim.o

Discarded input sections

 .text          0x00000000        0x0 c:/ac6/systemworkbench/plugins/fr.ac6.mcu.externaltools.arm-none.win32_1.17.0.201812190825/tools/compiler/bin/../lib/gcc/arm-none-eabi/7.3.1/thumb/v7e-m/fpv4-sp/hard/crti.o
 .data          0x00000000        0x0 c:/ac6/systemworkbench/plugins/fr.ac6.mcu.externaltools.arm-none.win32_1.17.0.201812190825/tools/compiler/bin/../lib/gcc/arm-none-eabi/7.3.1/thumb/v7e-m/fpv4-sp/hard/crti.o
 .bss           0x00000000        0x0 c:/ac6/systemworkbench/plugins/fr.ac6.mcu.externaltools.arm-none.win32_1.17.0.201812190825/tools/compiler/bin/../lib/gcc/arm-none-eabi/7.3.1/thumb/v7e-m/fpv4-sp/hard/crti.o
 .data          0x00000000        0x4 c:/ac6/systemworkbench/plugins/fr.ac6.mcu.externaltools.arm-none.win32_1.17.0.201812190825/tools/compiler/bin/../lib/gcc/arm-none-eabi/7.3.1/thumb/v7e-m/fpv4-sp/hard/crtbegin.o
 .text          0x00000000       0x74 c:/ac6/systemworkbench/plugins/fr.ac6.mcu.externaltools.arm-none.win32_1.17.0.201812190825/tools/compiler/bin/../lib/gcc/arm-none-eabi/7.3.1/../../../../arm-none-eabi/lib/thumb/v7e-m/fpv4-sp/hard/crt0.o
[...]
Memory Configuration

Name             Origin             Length             Attributes
RAM              0x20000000         0x00020000         xrw
CCMRAM           0x10000000         0x00010000         rw
FLASH            0x08000000         0x00100000         xr
*default*        0x00000000         0xffffffff

Linker script and memory map

LOAD c:/ac6/systemworkbench/plugins/fr.ac6.mcu.externaltools.arm-none.win32_1.17.0.201812190825/tools/compiler/bin/../lib/gcc/arm-none-eabi/7.3.1/thumb/v7e-m/fpv4-sp/hard/crti.o
LOAD c:/ac6/systemworkbench/plugins/fr.ac6.mcu.externaltools.arm-none.win32_1.17.0.201812190825/tools/compiler/bin/../lib/gcc/arm-none-eabi/7.3.1/thumb/v7e-m/fpv4-sp/hard/crtbegin.o
LOAD c:/ac6/systemworkbench/plugins/fr.ac6.mcu.externaltools.arm-none.win32_1.17.0.201812190825/tools/compiler/bin/../lib/gcc/arm-none-eabi/7.3.1/../../../../arm-none-eabi/lib/thumb/v7e-m/fpv4-sp/hard/crt0.o
LOAD Drivers/STM32F4xx_HAL_Driver/Src/stm32f4xx_hal.o
LOAD Drivers/STM32F4xx_HAL_Driver/Src/stm32f4xx_hal_cortex.o
LOAD Drivers/STM32F4xx_HAL_Driver/Src/stm32f4xx_hal_dma.o
LOAD Drivers/STM32F4xx_HAL_Driver/Src/stm32f4xx_hal_dma_ex.o
LOAD Drivers/STM32F4xx_HAL_Driver/Src/stm32f4xx_hal_exti.o
LOAD Drivers/STM32F4xx_HAL_Driver/Src/stm32f4xx_hal_flash.o
LOAD Drivers/STM32F4xx_HAL_Driver/Src/stm32f4xx_hal_flash_ex.o
LOAD Drivers/STM32F4xx_HAL_Driver/Src/stm32f4xx_hal_flash_ramfunc.o
LOAD Drivers/STM32F4xx_HAL_Driver/Src/stm32f4xx_hal_gpio.o
LOAD Drivers/STM32F4xx_HAL_Driver/Src/stm32f4xx_hal_pwr.o
LOAD Drivers/STM32F4xx_HAL_Driver/Src/stm32f4xx_hal_pwr_ex.o
LOAD Drivers/STM32F4xx_HAL_Driver/Src/stm32f4xx_hal_rcc.o
LOAD Drivers/STM32F4xx_HAL_Driver/Src/stm32f4xx_hal_rcc_ex.o
LOAD Drivers/STM32F4xx_HAL_Driver/Src/stm32f4xx_hal_tim.o
LOAD Drivers/STM32F4xx_HAL_Driver/Src/stm32f4xx_hal_tim_ex.o
LOAD Src/gpio.o
LOAD Src/main.o
LOAD Src/stm32f4xx_hal_msp.o
LOAD Src/stm32f4xx_it.o
LOAD Src/sys.o
LOAD Src/syscalls.o
LOAD Src/system_stm32f4xx.o
LOAD Src/tim.o
LOAD startup/startup_stm32f407xx.o
LOAD c:/ac6/systemworkbench/plugins/fr.ac6.mcu.externaltools.arm-none.win32_1.17.0.201812190825/tools/compiler/bin/../lib/gcc/arm-none-eabi/7.3.1/../../../../arm-none-eabi/lib/thumb/v7e-m/fpv4-sp/hard\libm.a
START GROUP
LOAD c:/ac6/systemworkbench/plugins/fr.ac6.mcu.externaltools.arm-none.win32_1.17.0.201812190825/tools/compiler/bin/../lib/gcc/arm-none-eabi/7.3.1/thumb/v7e-m/fpv4-sp/hard\libgcc.a
LOAD c:/ac6/systemworkbench/plugins/fr.ac6.mcu.externaltools.arm-none.win32_1.17.0.201812190825/tools/compiler/bin/../lib/gcc/arm-none-eabi/7.3.1/../../../../arm-none-eabi/lib/thumb/v7e-m/fpv4-sp/hard\libc_nano.a
END GROUP
START GROUP
LOAD c:/ac6/systemworkbench/plugins/fr.ac6.mcu.externaltools.arm-none.win32_1.17.0.201812190825/tools/compiler/bin/../lib/gcc/arm-none-eabi/7.3.1/thumb/v7e-m/fpv4-sp/hard\libgcc.a
LOAD c:/ac6/systemworkbench/plugins/fr.ac6.mcu.externaltools.arm-none.win32_1.17.0.201812190825/tools/compiler/bin/../lib/gcc/arm-none-eabi/7.3.1/../../../../arm-none-eabi/lib/thumb/v7e-m/fpv4-sp/hard\libc_nano.a
LOAD c:/ac6/systemworkbench/plugins/fr.ac6.mcu.externaltools.arm-none.win32_1.17.0.201812190825/tools/compiler/bin/../lib/gcc/arm-none-eabi/7.3.1/../../../../arm-none-eabi/lib/thumb/v7e-m/fpv4-sp/hard\libnosys.a
END GROUP
START GROUP
LOAD c:/ac6/systemworkbench/plugins/fr.ac6.mcu.externaltools.arm-none.win32_1.17.0.201812190825/tools/compiler/bin/../lib/gcc/arm-none-eabi/7.3.1/thumb/v7e-m/fpv4-sp/hard\libgcc.a
LOAD c:/ac6/systemworkbench/plugins/fr.ac6.mcu.externaltools.arm-none.win32_1.17.0.201812190825/tools/compiler/bin/../lib/gcc/arm-none-eabi/7.3.1/../../../../arm-none-eabi/lib/thumb/v7e-m/fpv4-sp/hard\libc_nano.a
LOAD c:/ac6/systemworkbench/plugins/fr.ac6.mcu.externaltools.arm-none.win32_1.17.0.201812190825/tools/compiler/bin/../lib/gcc/arm-none-eabi/7.3.1/../../../../arm-none-eabi/lib/thumb/v7e-m/fpv4-sp/hard\libnosys.a
END GROUP
LOAD c:/ac6/systemworkbench/plugins/fr.ac6.mcu.externaltools.arm-none.win32_1.17.0.201812190825/tools/compiler/bin/../lib/gcc/arm-none-eabi/7.3.1/thumb/v7e-m/fpv4-sp/hard/crtend.o
LOAD c:/ac6/systemworkbench/plugins/fr.ac6.mcu.externaltools.arm-none.win32_1.17.0.201812190825/tools/compiler/bin/../lib/gcc/arm-none-eabi/7.3.1/thumb/v7e-m/fpv4-sp/hard/crtn.o
                0x20020000                _estack = 0x20020000
                0x00000200                _Min_Heap_Size = 0x200
                0x00000400                _Min_Stack_Size = 0x400

.isr_vector     0x08000000      0x188
                0x08000000                . = ALIGN (0x4)
 *(.isr_vector)
 .isr_vector    0x08000000      0x188 startup/startup_stm32f407xx.o
                0x08000000                g_pfnVectors
                0x08000188                . = ALIGN (0x4)

.text           0x08000188     0x1e4c
                0x08000188                . = ALIGN (0x4)
 *(.text)
 .text          0x08000188       0x40 c:/ac6/systemworkbench/plugins/fr.ac6.mcu.externaltools.arm-none.win32_1.17.0.201812190825/tools/compiler/bin/../lib/gcc/arm-none-eabi/7.3.1/thumb/v7e-m/fpv4-sp/hard/crtbegin.o
 .text          0x080001c8       0x30 c:/ac6/systemworkbench/plugins/fr.ac6.mcu.externaltools.arm-none.win32_1.17.0.201812190825/tools/compiler/bin/../lib/gcc/arm-none-eabi/7.3.1/thumb/v7e-m/fpv4-sp/hard\libgcc.a(_aeabi_uldivmod.o)
                0x080001c8                __aeabi_uldivmod
 .text          0x080001f8      0x2cc c:/ac6/systemworkbench/plugins/fr.ac6.mcu.externaltools.arm-none.win32_1.17.0.201812190825/tools/compiler/bin/../lib/gcc/arm-none-eabi/7.3.1/thumb/v7e-m/fpv4-sp/hard\libgcc.a(_udivmoddi4.o)
                0x080001f8                __udivmoddi4
 .text          0x080004c4        0x4 c:/ac6/systemworkbench/plugins/fr.ac6.mcu.externaltools.arm-none.win32_1.17.0.201812190825/tools/compiler/bin/../lib/gcc/arm-none-eabi/7.3.1/thumb/v7e-m/fpv4-sp/hard\libgcc.a(_dvmd_tls.o)
                0x080004c4                __aeabi_idiv0
                0x080004c4                __aeabi_ldiv0
 *(.text*)
 .text.HAL_InitTick
                0x080004c8       0x48 Drivers/STM32F4xx_HAL_Driver/Src/stm32f4xx_hal.o
                0x080004c8                HAL_InitTick
 .text.HAL_Init
                0x08000510       0x34 Drivers/STM32F4xx_HAL_Driver/Src/stm32f4xx_hal.o
                0x08000510                HAL_Init
 .text.HAL_IncTick
                0x08000544       0x18 Drivers/STM32F4xx_HAL_Driver/Src/stm32f4xx_hal.o
                0x08000544                HAL_IncTick
 .text.HAL_GetTick
                0x0800055c        0xc Drivers/STM32F4xx_HAL_Driver/Src/stm32f4xx_hal.o
                0x0800055c                HAL_GetTick
 .text.HAL_NVIC_SetPriorityGrouping
                0x08000568       0x3c Drivers/STM32F4xx_HAL_Driver/Src/stm32f4xx_hal_cortex.o
                0x08000568                HAL_NVIC_SetPriorityGrouping
 .text.HAL_NVIC_SetPriority
                0x080005a4       0x8c Drivers/STM32F4xx_HAL_Driver/Src/stm32f4xx_hal_cortex.o
                0x080005a4                HAL_NVIC_SetPriority
 .text.HAL_SYSTICK_Config
                0x08000630       0x2c Drivers/STM32F4xx_HAL_Driver/Src/stm32f4xx_hal_cortex.o
                0x08000630                HAL_SYSTICK_Config
 .text.HAL_GPIO_Init
                0x0800065c      0x2f4 Drivers/STM32F4xx_HAL_Driver/Src/stm32f4xx_hal_gpio.o
                0x0800065c                HAL_GPIO_Init
 .text.HAL_GPIO_WritePin
                0x08000950       0x38 Drivers/STM32F4xx_HAL_Driver/Src/stm32f4xx_hal_gpio.o
                0x08000950                HAL_GPIO_WritePin
 .text.HAL_RCC_OscConfig
                0x08000988      0x4f4 Drivers/STM32F4xx_HAL_Driver/Src/stm32f4xx_hal_rcc.o
                0x08000988                HAL_RCC_OscConfig
 .text.HAL_RCC_GetSysClockFreq
                0x08000e7c       0xd8 Drivers/STM32F4xx_HAL_Driver/Src/stm32f4xx_hal_rcc.o
                0x08000e7c                HAL_RCC_GetSysClockFreq
 .text.HAL_RCC_ClockConfig
                0x08000f54      0x21c Drivers/STM32F4xx_HAL_Driver/Src/stm32f4xx_hal_rcc.o
                0x08000f54                HAL_RCC_ClockConfig
 .text.TIM_TI1_ConfigInputStage
                0x08001170       0x26 Drivers/STM32F4xx_HAL_Driver/Src/stm32f4xx_hal_tim.o
 .text.TIM_TI2_ConfigInputStage
                0x08001196       0x28 Drivers/STM32F4xx_HAL_Driver/Src/stm32f4xx_hal_tim.o
 .text.TIM_ITRx_SetConfig
                0x080011be       0x10 Drivers/STM32F4xx_HAL_Driver/Src/stm32f4xx_hal_tim.o
 *fill*         0x080011ce        0x2 
 .text.HAL_TIM_Base_Start
                0x080011d0       0xa8 Drivers/STM32F4xx_HAL_Driver/Src/stm32f4xx_hal_tim.o
                0x080011d0                HAL_TIM_Base_Start
 .text.TIM_Base_SetConfig
                0x08001278       0xc8 Drivers/STM32F4xx_HAL_Driver/Src/stm32f4xx_hal_tim.o
                0x08001278                TIM_Base_SetConfig
 .text.HAL_TIM_Base_Init
                0x08001340      0x108 Drivers/STM32F4xx_HAL_Driver/Src/stm32f4xx_hal_tim.o
                0x08001340                HAL_TIM_Base_Init
 .text.TIM_ETR_SetConfig
                0x08001448       0x18 Drivers/STM32F4xx_HAL_Driver/Src/stm32f4xx_hal_tim.o
                0x08001448                TIM_ETR_SetConfig
 .text.HAL_TIM_ConfigClockSource
                0x08001460      0x494 Drivers/STM32F4xx_HAL_Driver/Src/stm32f4xx_hal_tim.o
                0x08001460                HAL_TIM_ConfigClockSource
 .text.HAL_TIMEx_MasterConfigSynchronization
                0x080018f4      0x118 Drivers/STM32F4xx_HAL_Driver/Src/stm32f4xx_hal_tim_ex.o
                0x080018f4                HAL_TIMEx_MasterConfigSynchronization
 .text.MX_GPIO_Init
                0x08001a0c      0x22c Src/gpio.o
                0x08001a0c                MX_GPIO_Init
 .text.delay    0x08001c38       0x14 Src/main.o
                0x08001c38                delay
 .text.T0H      0x08001c4c       0x1c Src/main.o
                0x08001c4c                T0H
 .text.T1H      0x08001c68       0x1c Src/main.o
                0x08001c68                T1H
 .text.T0L      0x08001c84       0x1c Src/main.o
                0x08001c84                T0L
 .text.T1L      0x08001ca0       0x1c Src/main.o
                0x08001ca0                T1L
 .text.RES      0x08001cbc       0x1c Src/main.o
                0x08001cbc                RES
 .text.SET_ZERO
                0x08001cd8        0xc Src/main.o
                0x08001cd8                SET_ZERO
 .text.SET_ONE  0x08001ce4        0xc Src/main.o
                0x08001ce4                SET_ONE
 .text.SystemClock_Config
                0x08001cf0       0x94 Src/main.o
                0x08001cf0                SystemClock_Config
 .text.main     0x08001d84       0x7c Src/main.o
                0x08001d84                main
 .text.Error_Handler
                0x08001e00        0x2 Src/main.o
                0x08001e00                Error_Handler
 .text.assert_failed
                0x08001e02        0x2 Src/main.o
                0x08001e02                assert_failed
 .text.HAL_MspInit
                0x08001e04       0x38 Src/stm32f4xx_hal_msp.o
                0x08001e04                HAL_MspInit
 .text.NMI_Handler
                0x08001e3c        0x2 Src/stm32f4xx_it.o
                0x08001e3c                NMI_Handler
 .text.HardFault_Handler
                0x08001e3e        0x2 Src/stm32f4xx_it.o
                0x08001e3e                HardFault_Handler
 .text.MemManage_Handler
                0x08001e40        0x2 Src/stm32f4xx_it.o
                0x08001e40                MemManage_Handler
 .text.BusFault_Handler
                0x08001e42        0x2 Src/stm32f4xx_it.o
                0x08001e42                BusFault_Handler
 .text.UsageFault_Handler
                0x08001e44        0x2 Src/stm32f4xx_it.o
                0x08001e44                UsageFault_Handler
 .text.SVC_Handler
                0x08001e46        0x2 Src/stm32f4xx_it.o
                0x08001e46                SVC_Handler
 .text.DebugMon_Handler
                0x08001e48        0x2 Src/stm32f4xx_it.o
                0x08001e48                DebugMon_Handler
 .text.PendSV_Handler
                0x08001e4a        0x2 Src/stm32f4xx_it.o
                0x08001e4a                PendSV_Handler
 .text.SysTick_Handler
                0x08001e4c        0x8 Src/stm32f4xx_it.o
                0x08001e4c                SysTick_Handler
 .text.SystemInit
                0x08001e54       0x1c Src/system_stm32f4xx.o
                0x08001e54                SystemInit
 .text.MX_TIM1_Init
                0x08001e70       0x70 Src/tim.o
                0x08001e70                MX_TIM1_Init
 .text.HAL_TIM_Base_MspInit
                0x08001ee0       0x30 Src/tim.o
                0x08001ee0                HAL_TIM_Base_MspInit
 .text.Reset_Handler
                0x08001f10       0x50 startup/startup_stm32f407xx.o
                0x08001f10                Reset_Handler
 .text.Default_Handler
                0x08001f60        0x2 startup/startup_stm32f407xx.o
                0x08001f60                RTC_Alarm_IRQHandler
                0x08001f60                HASH_RNG_IRQHandler
                0x08001f60                EXTI2_IRQHandler
                0x08001f60                TIM8_CC_IRQHandler
                0x08001f60                TIM1_CC_IRQHandler
                0x08001f60                DMA2_Stream5_IRQHandler
                0x08001f60                DMA1_Stream5_IRQHandler
                0x08001f60                PVD_IRQHandler
                0x08001f60                SDIO_IRQHandler
                0x08001f60                TAMP_STAMP_IRQHandler
                0x08001f60                CAN2_RX1_IRQHandler
                0x08001f60                EXTI3_IRQHandler
                0x08001f60                TIM8_TRG_COM_TIM14_IRQHandler
                0x08001f60                TIM1_UP_TIM10_IRQHandler
                0x08001f60                TIM8_UP_TIM13_IRQHandler
                0x08001f60                I2C3_ER_IRQHandler
                0x08001f60                EXTI0_IRQHandler
                0x08001f60                I2C2_EV_IRQHandler
                0x08001f60                DMA1_Stream2_IRQHandler
                0x08001f60                CAN1_RX0_IRQHandler
                0x08001f60                FPU_IRQHandler
                0x08001f60                OTG_HS_WKUP_IRQHandler
                0x08001f60                CAN2_SCE_IRQHandler
                0x08001f60                DMA2_Stream2_IRQHandler
                0x08001f60                SPI1_IRQHandler
                0x08001f60                TIM6_DAC_IRQHandler
                0x08001f60                TIM1_BRK_TIM9_IRQHandler
                0x08001f60                DCMI_IRQHandler
                0x08001f60                CAN2_RX0_IRQHandler
                0x08001f60                DMA2_Stream3_IRQHandler
                0x08001f60                USART6_IRQHandler
                0x08001f60                USART3_IRQHandler
                0x08001f60                CAN1_RX1_IRQHandler
                0x08001f60                UART5_IRQHandler
                0x08001f60                DMA2_Stream0_IRQHandler
                0x08001f60                TIM4_IRQHandler
                0x08001f60                I2C1_EV_IRQHandler
                0x08001f60                DMA1_Stream6_IRQHandler
                0x08001f60                DMA1_Stream1_IRQHandler
                0x08001f60                UART4_IRQHandler
                0x08001f60                TIM3_IRQHandler
                0x08001f60                RCC_IRQHandler
                0x08001f60                TIM8_BRK_TIM12_IRQHandler
                0x08001f60                Default_Handler
                0x08001f60                EXTI15_10_IRQHandler
                0x08001f60                ADC_IRQHandler
                0x08001f60                DMA1_Stream7_IRQHandler
                0x08001f60                TIM7_IRQHandler
                0x08001f60                CAN2_TX_IRQHandler
                0x08001f60                TIM5_IRQHandler
                0x08001f60                DMA2_Stream7_IRQHandler
                0x08001f60                I2C3_EV_IRQHandler
                0x08001f60                EXTI9_5_IRQHandler
                0x08001f60                RTC_WKUP_IRQHandler
                0x08001f60                ETH_WKUP_IRQHandler
                0x08001f60                SPI2_IRQHandler
                0x08001f60                OTG_HS_EP1_IN_IRQHandler
                0x08001f60                DMA1_Stream0_IRQHandler
                0x08001f60                CAN1_TX_IRQHandler
                0x08001f60                EXTI4_IRQHandler
                0x08001f60                FSMC_IRQHandler
                0x08001f60                ETH_IRQHandler
                0x08001f60                OTG_HS_EP1_OUT_IRQHandler
                0x08001f60                WWDG_IRQHandler
                0x08001f60                TIM2_IRQHandler
                0x08001f60                OTG_FS_WKUP_IRQHandler
                0x08001f60                TIM1_TRG_COM_TIM11_IRQHandler
                0x08001f60                OTG_HS_IRQHandler
                0x08001f60                EXTI1_IRQHandler
                0x08001f60                USART2_IRQHandler
                0x08001f60                I2C2_ER_IRQHandler
                0x08001f60                DMA2_Stream1_IRQHandler
                0x08001f60                CAN1_SCE_IRQHandler
                0x08001f60                FLASH_IRQHandler
                0x08001f60                DMA2_Stream4_IRQHandler
                0x08001f60                USART1_IRQHandler
                0x08001f60                OTG_FS_IRQHandler
                0x08001f60                SPI3_IRQHandler
                0x08001f60                DMA1_Stream4_IRQHandler
                0x08001f60                I2C1_ER_IRQHandler
                0x08001f60                DMA2_Stream6_IRQHandler
                0x08001f60                DMA1_Stream3_IRQHandler
 *fill*         0x08001f62        0x2 
 .text.__libc_init_array
                0x08001f64       0x48 c:/ac6/systemworkbench/plugins/fr.ac6.mcu.externaltools.arm-none.win32_1.17.0.201812190825/tools/compiler/bin/../lib/gcc/arm-none-eabi/7.3.1/../../../../arm-none-eabi/lib/thumb/v7e-m/fpv4-sp/hard\libc_nano.a(lib_a-init.o)
                0x08001f64                __libc_init_array
 .text.memset   0x08001fac       0x10 c:/ac6/systemworkbench/plugins/fr.ac6.mcu.externaltools.arm-none.win32_1.17.0.201812190825/tools/compiler/bin/../lib/gcc/arm-none-eabi/7.3.1/../../../../arm-none-eabi/lib/thumb/v7e-m/fpv4-sp/hard\libc_nano.a(lib_a-memset.o)
                0x08001fac                memset
 *(.glue_7)
 .glue_7        0x08001fbc        0x0 linker stubs
 *(.glue_7t)
 .glue_7t       0x08001fbc        0x0 linker stubs
 *(.eh_frame)
 .eh_frame      0x08001fbc        0x0 c:/ac6/systemworkbench/plugins/fr.ac6.mcu.externaltools.arm-none.win32_1.17.0.201812190825/tools/compiler/bin/../lib/gcc/arm-none-eabi/7.3.1/thumb/v7e-m/fpv4-sp/hard/crtbegin.o
 *(.init)
 .init          0x08001fbc        0x4 c:/ac6/systemworkbench/plugins/fr.ac6.mcu.externaltools.arm-none.win32_1.17.0.201812190825/tools/compiler/bin/../lib/gcc/arm-none-eabi/7.3.1/thumb/v7e-m/fpv4-sp/hard/crti.o
                0x08001fbc                _init
 .init          0x08001fc0        0x8 c:/ac6/systemworkbench/plugins/fr.ac6.mcu.externaltools.arm-none.win32_1.17.0.201812190825/tools/compiler/bin/../lib/gcc/arm-none-eabi/7.3.1/thumb/v7e-m/fpv4-sp/hard/crtn.o
 *(.fini)
 .fini          0x08001fc8        0x4 c:/ac6/systemworkbench/plugins/fr.ac6.mcu.externaltools.arm-none.win32_1.17.0.201812190825/tools/compiler/bin/../lib/gcc/arm-none-eabi/7.3.1/thumb/v7e-m/fpv4-sp/hard/crti.o
                0x08001fc8                _fini
 .fini          0x08001fcc        0x8 c:/ac6/systemworkbench/plugins/fr.ac6.mcu.externaltools.arm-none.win32_1.17.0.201812190825/tools/compiler/bin/../lib/gcc/arm-none-eabi/7.3.1/thumb/v7e-m/fpv4-sp/hard/crtn.o
                0x08001fd4                . = ALIGN (0x4)
                0x08001fd4                _etext = .

.vfp11_veneer   0x08001fd4        0x0
 .vfp11_veneer  0x08001fd4        0x0 linker stubs

.v4_bx          0x08001fd4        0x0
 .v4_bx         0x08001fd4        0x0 linker stubs

.iplt           0x08001fd4        0x0
 .iplt          0x08001fd4        0x0 c:/ac6/systemworkbench/plugins/fr.ac6.mcu.externaltools.arm-none.win32_1.17.0.201812190825/tools/compiler/bin/../lib/gcc/arm-none-eabi/7.3.1/thumb/v7e-m/fpv4-sp/hard/crtbegin.o

.rodata         0x08001fd4      0x13c
                0x08001fd4                . = ALIGN (0x4)
 *(.rodata)
 .rodata        0x08001fd4       0x18 Src/system_stm32f4xx.o
                0x08001fd4                AHBPrescTable
                0x08001fe4                APBPrescTable
 *(.rodata*)
 .rodata.str1.4
                0x08001fec       0x3b Drivers/STM32F4xx_HAL_Driver/Src/stm32f4xx_hal_cortex.o
 *fill*         0x08002027        0x1 
 .rodata.str1.4
                0x08002028       0x39 Drivers/STM32F4xx_HAL_Driver/Src/stm32f4xx_hal_gpio.o
 *fill*         0x08002061        0x3 
 .rodata.str1.4
                0x08002064       0x38 Drivers/STM32F4xx_HAL_Driver/Src/stm32f4xx_hal_rcc.o
 .rodata.str1.4
                0x0800209c       0x38 Drivers/STM32F4xx_HAL_Driver/Src/stm32f4xx_hal_tim.o
 .rodata.str1.4
                0x080020d4       0x3c Drivers/STM32F4xx_HAL_Driver/Src/stm32f4xx_hal_tim_ex.o
                                 0x3b (size before relaxing)
                0x08002110                . = ALIGN (0x4)

.ARM.extab
 *(.ARM.extab* .gnu.linkonce.armextab.*)

.ARM            0x08002110        0x8
                0x08002110                __exidx_start = .
 *(.ARM.exidx*)
 .ARM.exidx     0x08002110        0x8 c:/ac6/systemworkbench/plugins/fr.ac6.mcu.externaltools.arm-none.win32_1.17.0.201812190825/tools/compiler/bin/../lib/gcc/arm-none-eabi/7.3.1/thumb/v7e-m/fpv4-sp/hard\libgcc.a(_udivmoddi4.o)
                0x08002118                __exidx_end = .

.rel.dyn        0x08002118        0x0
 .rel.iplt      0x08002118        0x0 c:/ac6/systemworkbench/plugins/fr.ac6.mcu.externaltools.arm-none.win32_1.17.0.201812190825/tools/compiler/bin/../lib/gcc/arm-none-eabi/7.3.1/thumb/v7e-m/fpv4-sp/hard/crtbegin.o

.preinit_array  0x08002118        0x0
                0x08002118                PROVIDE (__preinit_array_start = .)
 *(.preinit_array*)
                0x08002118                PROVIDE (__preinit_array_end = .)

.init_array     0x08002118        0x4
                0x08002118                PROVIDE (__init_array_start = .)
 *(SORT_BY_NAME(.init_array.*))
 *(.init_array*)
 .init_array    0x08002118        0x4 c:/ac6/systemworkbench/plugins/fr.ac6.mcu.externaltools.arm-none.win32_1.17.0.201812190825/tools/compiler/bin/../lib/gcc/arm-none-eabi/7.3.1/thumb/v7e-m/fpv4-sp/hard/crtbegin.o
                0x0800211c                PROVIDE (__init_array_end = .)

.fini_array     0x0800211c        0x4
                [!provide]                PROVIDE (__fini_array_start = .)
 *(SORT_BY_NAME(.fini_array.*))
 *(.fini_array*)
 .fini_array    0x0800211c        0x4 c:/ac6/systemworkbench/plugins/fr.ac6.mcu.externaltools.arm-none.win32_1.17.0.201812190825/tools/compiler/bin/../lib/gcc/arm-none-eabi/7.3.1/thumb/v7e-m/fpv4-sp/hard/crtbegin.o
                [!provide]                PROVIDE (__fini_array_end = .)
                0x08002120                _sidata = LOADADDR (.data)

.data           0x20000000        0xc load address 0x08002120
                0x20000000                . = ALIGN (0x4)
                0x20000000                _sdata = .
 *(.data)
 .data          0x20000000        0x8 Drivers/STM32F4xx_HAL_Driver/Src/stm32f4xx_hal.o
                0x20000000                uwTickFreq
                0x20000004                uwTickPrio
 .data          0x20000008        0x4 Src/system_stm32f4xx.o
                0x20000008                SystemCoreClock
 *(.data*)
                0x2000000c                . = ALIGN (0x4)
                0x2000000c                _edata = .
                0x0800212c                _siccmram = LOADADDR (.ccmram)

.igot.plt       0x2000000c        0x0 load address 0x0800212c
 .igot.plt      0x2000000c        0x0 c:/ac6/systemworkbench/plugins/fr.ac6.mcu.externaltools.arm-none.win32_1.17.0.201812190825/tools/compiler/bin/../lib/gcc/arm-none-eabi/7.3.1/thumb/v7e-m/fpv4-sp/hard/crtbegin.o

.ccmram         0x10000000        0x0 load address 0x0800212c
                0x10000000                . = ALIGN (0x4)
                0x10000000                _sccmram = .
 *(.ccmram)
 *(.ccmram*)
                0x10000000                . = ALIGN (0x4)
                0x10000000                _eccmram = .
                0x10000000                . = ALIGN (0x4)

.bss            0x2000000c       0x60
                0x2000000c                _sbss = .
                0x2000000c                __bss_start__ = _sbss
 *(.bss)
 .bss           0x2000000c       0x1c c:/ac6/systemworkbench/plugins/fr.ac6.mcu.externaltools.arm-none.win32_1.17.0.201812190825/tools/compiler/bin/../lib/gcc/arm-none-eabi/7.3.1/thumb/v7e-m/fpv4-sp/hard/crtbegin.o
 *(.bss*)
 *(COMMON)
 COMMON         0x20000028        0x4 Drivers/STM32F4xx_HAL_Driver/Src/stm32f4xx_hal.o
                0x20000028                uwTick
 COMMON         0x2000002c       0x40 Src/tim.o
                0x2000002c                htim1
                0x2000006c                . = ALIGN (0x4)
                0x2000006c                _ebss = .
                0x2000006c                __bss_end__ = _ebss

._user_heap_stack
                0x2000006c      0x604
                0x20000070                . = ALIGN (0x8)
 *fill*         0x2000006c        0x4 
                0x20000070                PROVIDE (end = .)
                [!provide]                PROVIDE (_end = .)
                0x20000270                . = (. + _Min_Heap_Size)
 *fill*         0x20000070      0x200 
                0x20000670                . = (. + _Min_Stack_Size)
 *fill*         0x20000270      0x400 
                0x20000670                . = ALIGN (0x8)

/DISCARD/
 libc.a(*)
 libm.a(*)
 libgcc.a(*)

.ARM.attributes
                0x00000000       0x30
 *(.ARM.attributes)
 .ARM.attributes
                0x00000000       0x22 c:/ac6/systemworkbench/plugins/fr.ac6.mcu.externaltools.arm-none.win32_1.17.0.201812190825/tools/compiler/bin/../lib/gcc/arm-none-eabi/7.3.1/thumb/v7e-m/fpv4-sp/hard/crti.o
 .ARM.attributes
                0x00000022       0x34 c:/ac6/systemworkbench/plugins/fr.ac6.mcu.externaltools.arm-none.win32_1.17.0.201812190825/tools/compiler/bin/../lib/gcc/arm-none-eabi/7.3.1/thumb/v7e-m/fpv4-sp/hard/crtbegin.o
 .ARM.attributes
                0x00000056       0x39 Drivers/STM32F4xx_HAL_Driver/Src/stm32f4xx_hal.o
 .ARM.attributes
                0x0000008f       0x39 Drivers/STM32F4xx_HAL_Driver/Src/stm32f4xx_hal_cortex.o
 .ARM.attributes
                0x000000c8       0x39 Drivers/STM32F4xx_HAL_Driver/Src/stm32f4xx_hal_gpio.o
 .ARM.attributes
                0x00000101       0x39 Drivers/STM32F4xx_HAL_Driver/Src/stm32f4xx_hal_rcc.o
 .ARM.attributes
                0x0000013a       0x39 Drivers/STM32F4xx_HAL_Driver/Src/stm32f4xx_hal_tim.o
 .ARM.attributes
                0x00000173       0x39 Drivers/STM32F4xx_HAL_Driver/Src/stm32f4xx_hal_tim_ex.o
 .ARM.attributes
                0x000001ac       0x39 Src/gpio.o
 .ARM.attributes
                0x000001e5       0x39 Src/main.o
 .ARM.attributes
                0x0000021e       0x39 Src/stm32f4xx_hal_msp.o
 .ARM.attributes
                0x00000257       0x39 Src/stm32f4xx_it.o
 .ARM.attributes
                0x00000290       0x39 Src/system_stm32f4xx.o
 .ARM.attributes
                0x000002c9       0x39 Src/tim.o
 .ARM.attributes
                0x00000302       0x21 startup/startup_stm32f407xx.o
 .ARM.attributes
                0x00000323       0x22 c:/ac6/systemworkbench/plugins/fr.ac6.mcu.externaltools.arm-none.win32_1.17.0.201812190825/tools/compiler/bin/../lib/gcc/arm-none-eabi/7.3.1/thumb/v7e-m/fpv4-sp/hard\libgcc.a(_aeabi_uldivmod.o)
 .ARM.attributes
                0x00000345       0x34 c:/ac6/systemworkbench/plugins/fr.ac6.mcu.externaltools.arm-none.win32_1.17.0.201812190825/tools/compiler/bin/../lib/gcc/arm-none-eabi/7.3.1/thumb/v7e-m/fpv4-sp/hard\libgcc.a(_udivmoddi4.o)
 .ARM.attributes
                0x00000379       0x22 c:/ac6/systemworkbench/plugins/fr.ac6.mcu.externaltools.arm-none.win32_1.17.0.201812190825/tools/compiler/bin/../lib/gcc/arm-none-eabi/7.3.1/thumb/v7e-m/fpv4-sp/hard\libgcc.a(_dvmd_tls.o)
 .ARM.attributes
                0x0000039b       0x34 c:/ac6/systemworkbench/plugins/fr.ac6.mcu.externaltools.arm-none.win32_1.17.0.201812190825/tools/compiler/bin/../lib/gcc/arm-none-eabi/7.3.1/../../../../arm-none-eabi/lib/thumb/v7e-m/fpv4-sp/hard\libc_nano.a(lib_a-init.o)
 .ARM.attributes
                0x000003cf       0x34 c:/ac6/systemworkbench/plugins/fr.ac6.mcu.externaltools.arm-none.win32_1.17.0.201812190825/tools/compiler/bin/../lib/gcc/arm-none-eabi/7.3.1/../../../../arm-none-eabi/lib/thumb/v7e-m/fpv4-sp/hard\libc_nano.a(lib_a-memset.o)
 .ARM.attributes
                0x00000403       0x22 c:/ac6/systemworkbench/plugins/fr.ac6.mcu.externaltools.arm-none.win32_1.17.0.201812190825/tools/compiler/bin/../lib/gcc/arm-none-eabi/7.3.1/thumb/v7e-m/fpv4-sp/hard/crtn.o
OUTPUT(interactive_clothing.elf elf32-littlearm)

.debug_info     0x00000000     0xbeb7
 .debug_info    0x00000000      0xa17 Drivers/STM32F4xx_HAL_Driver/Src/stm32f4xx_hal.o
 .debug_info    0x00000a17     0x1221 Drivers/STM32F4xx_HAL_Driver/Src/stm32f4xx_hal_cortex.o
 .debug_info    0x00001c38      0x92e Drivers/STM32F4xx_HAL_Driver/Src/stm32f4xx_hal_gpio.o
 .debug_info    0x00002566      0xd2e Drivers/STM32F4xx_HAL_Driver/Src/stm32f4xx_hal_rcc.o
 .debug_info    0x00003294     0x473c Drivers/STM32F4xx_HAL_Driver/Src/stm32f4xx_hal_tim.o
 .debug_info    0x000079d0     0x1aaf Drivers/STM32F4xx_HAL_Driver/Src/stm32f4xx_hal_tim_ex.o
 .debug_info    0x0000947f      0x757 Src/gpio.o
 .debug_info    0x00009bd6      0xe21 Src/main.o
 .debug_info    0x0000a9f7      0x362 Src/stm32f4xx_hal_msp.o
 .debug_info    0x0000ad59      0x223 Src/stm32f4xx_it.o
 .debug_info    0x0000af7c      0x559 Src/system_stm32f4xx.o
 .debug_info    0x0000b4d5      0x9c0 Src/tim.o
 .debug_info    0x0000be95       0x22 startup/startup_stm32f407xx.o

.debug_abbrev   0x00000000     0x1746
 .debug_abbrev  0x00000000      0x1ed Drivers/STM32F4xx_HAL_Driver/Src/stm32f4xx_hal.o
 .debug_abbrev  0x000001ed      0x343 Drivers/STM32F4xx_HAL_Driver/Src/stm32f4xx_hal_cortex.o
 .debug_abbrev  0x00000530      0x21e Drivers/STM32F4xx_HAL_Driver/Src/stm32f4xx_hal_gpio.o
 .debug_abbrev  0x0000074e      0x284 Drivers/STM32F4xx_HAL_Driver/Src/stm32f4xx_hal_rcc.o
 .debug_abbrev  0x000009d2      0x226 Drivers/STM32F4xx_HAL_Driver/Src/stm32f4xx_hal_tim.o
 .debug_abbrev  0x00000bf8      0x237 Drivers/STM32F4xx_HAL_Driver/Src/stm32f4xx_hal_tim_ex.o
 .debug_abbrev  0x00000e2f      0x162 Src/gpio.o
 .debug_abbrev  0x00000f91      0x2cd Src/main.o
 .debug_abbrev  0x0000125e      0x109 Src/stm32f4xx_hal_msp.o
 .debug_abbrev  0x00001367       0xe4 Src/stm32f4xx_it.o
 .debug_abbrev  0x0000144b      0x12b Src/system_stm32f4xx.o
 .debug_abbrev  0x00001576      0x1be Src/tim.o
 .debug_abbrev  0x00001734       0x12 startup/startup_stm32f407xx.o

.debug_loc      0x00000000     0x4a3e
 .debug_loc     0x00000000      0x10c Drivers/STM32F4xx_HAL_Driver/Src/stm32f4xx_hal.o
 .debug_loc     0x0000010c      0x772 Drivers/STM32F4xx_HAL_Driver/Src/stm32f4xx_hal_cortex.o
 .debug_loc     0x0000087e      0x596 Drivers/STM32F4xx_HAL_Driver/Src/stm32f4xx_hal_gpio.o
 .debug_loc     0x00000e14      0x417 Drivers/STM32F4xx_HAL_Driver/Src/stm32f4xx_hal_rcc.o
 .debug_loc     0x0000122b     0x2764 Drivers/STM32F4xx_HAL_Driver/Src/stm32f4xx_hal_tim.o
 .debug_loc     0x0000398f      0xe71 Drivers/STM32F4xx_HAL_Driver/Src/stm32f4xx_hal_tim_ex.o
 .debug_loc     0x00004800      0x100 Src/main.o
 .debug_loc     0x00004900      0x13e Src/system_stm32f4xx.o

.debug_aranges  0x00000000      0x908
 .debug_aranges
                0x00000000       0xf0 Drivers/STM32F4xx_HAL_Driver/Src/stm32f4xx_hal.o
 .debug_aranges
                0x000000f0       0xa8 Drivers/STM32F4xx_HAL_Driver/Src/stm32f4xx_hal_cortex.o
 .debug_aranges
                0x00000198       0x58 Drivers/STM32F4xx_HAL_Driver/Src/stm32f4xx_hal_gpio.o
 .debug_aranges
                0x000001f0       0x88 Drivers/STM32F4xx_HAL_Driver/Src/stm32f4xx_hal_rcc.o
 .debug_aranges
                0x00000278      0x3a8 Drivers/STM32F4xx_HAL_Driver/Src/stm32f4xx_hal_tim.o
 .debug_aranges
                0x00000620      0x150 Drivers/STM32F4xx_HAL_Driver/Src/stm32f4xx_hal_tim_ex.o
 .debug_aranges
                0x00000770       0x20 Src/gpio.o
 .debug_aranges
                0x00000790       0x78 Src/main.o
 .debug_aranges
                0x00000808       0x20 Src/stm32f4xx_hal_msp.o
 .debug_aranges
                0x00000828       0x60 Src/stm32f4xx_it.o
 .debug_aranges
                0x00000888       0x28 Src/system_stm32f4xx.o
 .debug_aranges
                0x000008b0       0x30 Src/tim.o
 .debug_aranges
                0x000008e0       0x28 startup/startup_stm32f407xx.o

.debug_ranges   0x00000000      0x948
 .debug_ranges  0x00000000       0xe0 Drivers/STM32F4xx_HAL_Driver/Src/stm32f4xx_hal.o
 .debug_ranges  0x000000e0      0x128 Drivers/STM32F4xx_HAL_Driver/Src/stm32f4xx_hal_cortex.o
 .debug_ranges  0x00000208       0x48 Drivers/STM32F4xx_HAL_Driver/Src/stm32f4xx_hal_gpio.o
 .debug_ranges  0x00000250       0x90 Drivers/STM32F4xx_HAL_Driver/Src/stm32f4xx_hal_rcc.o
 .debug_ranges  0x000002e0      0x398 Drivers/STM32F4xx_HAL_Driver/Src/stm32f4xx_hal_tim.o
 .debug_ranges  0x00000678      0x140 Drivers/STM32F4xx_HAL_Driver/Src/stm32f4xx_hal_tim_ex.o
 .debug_ranges  0x000007b8       0x10 Src/gpio.o
 .debug_ranges  0x000007c8       0xc8 Src/main.o
 .debug_ranges  0x00000890       0x10 Src/stm32f4xx_hal_msp.o
 .debug_ranges  0x000008a0       0x50 Src/stm32f4xx_it.o
 .debug_ranges  0x000008f0       0x18 Src/system_stm32f4xx.o
 .debug_ranges  0x00000908       0x20 Src/tim.o
 .debug_ranges  0x00000928       0x20 startup/startup_stm32f407xx.o

.debug_macro    0x00000000    0x1fda5
 .debug_macro   0x00000000      0x224 Drivers/STM32F4xx_HAL_Driver/Src/stm32f4xx_hal.o
 .debug_macro   0x00000224      0xa60 Drivers/STM32F4xx_HAL_Driver/Src/stm32f4xx_hal.o
 .debug_macro   0x00000c84      0x18b Drivers/STM32F4xx_HAL_Driver/Src/stm32f4xx_hal.o
 .debug_macro   0x00000e0f       0x32 Drivers/STM32F4xx_HAL_Driver/Src/stm32f4xx_hal.o
 .debug_macro   0x00000e41       0x2f Drivers/STM32F4xx_HAL_Driver/Src/stm32f4xx_hal.o
 .debug_macro   0x00000e70       0x22 Drivers/STM32F4xx_HAL_Driver/Src/stm32f4xx_hal.o
 .debug_macro   0x00000e92       0x8e Drivers/STM32F4xx_HAL_Driver/Src/stm32f4xx_hal.o
 .debug_macro   0x00000f20       0x51 Drivers/STM32F4xx_HAL_Driver/Src/stm32f4xx_hal.o
 .debug_macro   0x00000f71       0xef Drivers/STM32F4xx_HAL_Driver/Src/stm32f4xx_hal.o
 .debug_macro   0x00001060       0x6a Drivers/STM32F4xx_HAL_Driver/Src/stm32f4xx_hal.o
 .debug_macro   0x000010ca      0x1df Drivers/STM32F4xx_HAL_Driver/Src/stm32f4xx_hal.o
 .debug_macro   0x000012a9       0x1c Drivers/STM32F4xx_HAL_Driver/Src/stm32f4xx_hal.o
 .debug_macro   0x000012c5       0x22 Drivers/STM32F4xx_HAL_Driver/Src/stm32f4xx_hal.o
 .debug_macro   0x000012e7       0xdf Drivers/STM32F4xx_HAL_Driver/Src/stm32f4xx_hal.o
 .debug_macro   0x000013c6     0x102d Drivers/STM32F4xx_HAL_Driver/Src/stm32f4xx_hal.o
 .debug_macro   0x000023f3      0x11f Drivers/STM32F4xx_HAL_Driver/Src/stm32f4xx_hal.o
 .debug_macro   0x00002512    0x15e3c Drivers/STM32F4xx_HAL_Driver/Src/stm32f4xx_hal.o
 .debug_macro   0x0001834e       0x43 Drivers/STM32F4xx_HAL_Driver/Src/stm32f4xx_hal.o
 .debug_macro   0x00018391     0x3652 Drivers/STM32F4xx_HAL_Driver/Src/stm32f4xx_hal.o
 .debug_macro   0x0001b9e3      0x174 Drivers/STM32F4xx_HAL_Driver/Src/stm32f4xx_hal.o
 .debug_macro   0x0001bb57       0x4e Drivers/STM32F4xx_HAL_Driver/Src/stm32f4xx_hal.o
 .debug_macro   0x0001bba5      0x96b Drivers/STM32F4xx_HAL_Driver/Src/stm32f4xx_hal.o
 .debug_macro   0x0001c510      0x9fe Drivers/STM32F4xx_HAL_Driver/Src/stm32f4xx_hal.o
 .debug_macro   0x0001cf0e      0x174 Drivers/STM32F4xx_HAL_Driver/Src/stm32f4xx_hal.o
 .debug_macro   0x0001d082      0x117 Drivers/STM32F4xx_HAL_Driver/Src/stm32f4xx_hal.o
 .debug_macro   0x0001d199      0x13e Drivers/STM32F4xx_HAL_Driver/Src/stm32f4xx_hal.o
 .debug_macro   0x0001d2d7       0x27 Drivers/STM32F4xx_HAL_Driver/Src/stm32f4xx_hal.o
 .debug_macro   0x0001d2fe      0x287 Drivers/STM32F4xx_HAL_Driver/Src/stm32f4xx_hal.o
 .debug_macro   0x0001d585       0x5f Drivers/STM32F4xx_HAL_Driver/Src/stm32f4xx_hal.o
 .debug_macro   0x0001d5e4      0x236 Drivers/STM32F4xx_HAL_Driver/Src/stm32f4xx_hal.o
 .debug_macro   0x0001d81a      0x12c Drivers/STM32F4xx_HAL_Driver/Src/stm32f4xx_hal.o
 .debug_macro   0x0001d946      0x21e Drivers/STM32F4xx_HAL_Driver/Src/stm32f4xx_hal.o
 .debug_macro   0x0001db64       0x2e Drivers/STM32F4xx_HAL_Driver/Src/stm32f4xx_hal.o
 .debug_macro   0x0001db92      0x11a Drivers/STM32F4xx_HAL_Driver/Src/stm32f4xx_hal.o
 .debug_macro   0x0001dcac       0x7e Drivers/STM32F4xx_HAL_Driver/Src/stm32f4xx_hal.o
 .debug_macro   0x0001dd2a       0x89 Drivers/STM32F4xx_HAL_Driver/Src/stm32f4xx_hal.o
 .debug_macro   0x0001ddb3      0x8a0 Drivers/STM32F4xx_HAL_Driver/Src/stm32f4xx_hal.o
 .debug_macro   0x0001e653       0x47 Drivers/STM32F4xx_HAL_Driver/Src/stm32f4xx_hal.o
 .debug_macro   0x0001e69a      0x12d Drivers/STM32F4xx_HAL_Driver/Src/stm32f4xx_hal.o
 .debug_macro   0x0001e7c7      0x1c4 Drivers/STM32F4xx_HAL_Driver/Src/stm32f4xx_hal_cortex.o
 .debug_macro   0x0001e98b      0x1fa Drivers/STM32F4xx_HAL_Driver/Src/stm32f4xx_hal_gpio.o
 .debug_macro   0x0001eb85      0x1e8 Drivers/STM32F4xx_HAL_Driver/Src/stm32f4xx_hal_rcc.o
 .debug_macro   0x0001ed6d      0x1c5 Drivers/STM32F4xx_HAL_Driver/Src/stm32f4xx_hal_tim.o
 .debug_macro   0x0001ef32      0x1c4 Drivers/STM32F4xx_HAL_Driver/Src/stm32f4xx_hal_tim_ex.o
 .debug_macro   0x0001f0f6      0x1dd Src/gpio.o
 .debug_macro   0x0001f2d3      0x190 Src/gpio.o
 .debug_macro   0x0001f463      0x1eb Src/main.o
 .debug_macro   0x0001f64e      0x1d3 Src/stm32f4xx_hal_msp.o
 .debug_macro   0x0001f821      0x1dd Src/stm32f4xx_it.o
 .debug_macro   0x0001f9fe      0x1ca Src/system_stm32f4xx.o
 .debug_macro   0x0001fbc8      0x1dd Src/tim.o

.debug_line     0x00000000     0x98b6
 .debug_line    0x00000000      0x8cf Drivers/STM32F4xx_HAL_Driver/Src/stm32f4xx_hal.o
 .debug_line    0x000008cf      0x9bb Drivers/STM32F4xx_HAL_Driver/Src/stm32f4xx_hal_cortex.o
 .debug_line    0x0000128a      0x979 Drivers/STM32F4xx_HAL_Driver/Src/stm32f4xx_hal_gpio.o
 .debug_line    0x00001c03      0xa9a Drivers/STM32F4xx_HAL_Driver/Src/stm32f4xx_hal_rcc.o
 .debug_line    0x0000269d     0x350a Drivers/STM32F4xx_HAL_Driver/Src/stm32f4xx_hal_tim.o
 .debug_line    0x00005ba7     0x11d6 Drivers/STM32F4xx_HAL_Driver/Src/stm32f4xx_hal_tim_ex.o
 .debug_line    0x00006d7d      0x711 Src/gpio.o
 .debug_line    0x0000748e      0x7da Src/main.o
 .debug_line    0x00007c68      0x6ba Src/stm32f4xx_hal_msp.o
 .debug_line    0x00008322      0x74a Src/stm32f4xx_it.o
 .debug_line    0x00008a6c      0x6db Src/system_stm32f4xx.o
 .debug_line    0x00009147      0x6f0 Src/tim.o
 .debug_line    0x00009837       0x7f startup/startup_stm32f407xx.o

.debug_str      0x00000000    0xc3279
 .debug_str     0x00000000    0xc09d4 Drivers/STM32F4xx_HAL_Driver/Src/stm32f4xx_hal.o
                              0xc0d4a (size before relaxing)
 .debug_str     0x000c09d4      0x3b8 Drivers/STM32F4xx_HAL_Driver/Src/stm32f4xx_hal_cortex.o
                              0xc0b08 (size before relaxing)
 .debug_str     0x000c0d8c      0x287 Drivers/STM32F4xx_HAL_Driver/Src/stm32f4xx_hal_gpio.o
                              0xc0477 (size before relaxing)
 .debug_str     0x000c1013      0x38f Drivers/STM32F4xx_HAL_Driver/Src/stm32f4xx_hal_rcc.o
                              0xc064c (size before relaxing)
 .debug_str     0x000c13a2     0x1170 Drivers/STM32F4xx_HAL_Driver/Src/stm32f4xx_hal_tim.o
                              0xc1397 (size before relaxing)
 .debug_str     0x000c2512      0x4d4 Drivers/STM32F4xx_HAL_Driver/Src/stm32f4xx_hal_tim_ex.o
                              0xc0baf (size before relaxing)
 .debug_str     0x000c29e6      0x694 Src/gpio.o
                              0xc08be (size before relaxing)
 .debug_str     0x000c307a       0x87 Src/main.o
                              0xc0e7b (size before relaxing)
 .debug_str     0x000c3101       0x1b Src/stm32f4xx_hal_msp.o
                              0xc0803 (size before relaxing)
 .debug_str     0x000c311c       0xb8 Src/stm32f4xx_it.o
                              0xc079d (size before relaxing)
 .debug_str     0x000c31d4       0x5a Src/system_stm32f4xx.o
                              0xc0225 (size before relaxing)
 .debug_str     0x000c322e       0x1c Src/tim.o
                              0xc0d8e (size before relaxing)
 .debug_str     0x000c324a       0x2f startup/startup_stm32f407xx.o
                                 0x63 (size before relaxing)

.comment        0x00000000       0x7f
 .comment       0x00000000       0x7f Drivers/STM32F4xx_HAL_Driver/Src/stm32f4xx_hal.o
                                 0x80 (size before relaxing)
 .comment       0x0000007f       0x80 Drivers/STM32F4xx_HAL_Driver/Src/stm32f4xx_hal_cortex.o
 .comment       0x0000007f       0x80 Drivers/STM32F4xx_HAL_Driver/Src/stm32f4xx_hal_gpio.o
 .comment       0x0000007f       0x80 Drivers/STM32F4xx_HAL_Driver/Src/stm32f4xx_hal_rcc.o
 .comment       0x0000007f       0x80 Drivers/STM32F4xx_HAL_Driver/Src/stm32f4xx_hal_tim.o
 .comment       0x0000007f       0x80 Drivers/STM32F4xx_HAL_Driver/Src/stm32f4xx_hal_tim_ex.o
 .comment       0x0000007f       0x80 Src/gpio.o
 .comment       0x0000007f       0x80 Src/main.o
 .comment       0x0000007f       0x80 Src/stm32f4xx_hal_msp.o
 .comment       0x0000007f       0x80 Src/stm32f4xx_it.o
 .comment       0x0000007f       0x80 Src/system_stm32f4xx.o
 .comment       0x0000007f       0x80 Src/tim.o

.debug_frame    0x00000000     0x1894
 .debug_frame   0x00000000      0x1f0 Drivers/STM32F4xx_HAL_Driver/Src/stm32f4xx_hal.o
 .debug_frame   0x000001f0      0x19c Drivers/STM32F4xx_HAL_Driver/Src/stm32f4xx_hal_cortex.o
 .debug_frame   0x0000038c       0xfc Drivers/STM32F4xx_HAL_Driver/Src/stm32f4xx_hal_gpio.o
 .debug_frame   0x00000488      0x188 Drivers/STM32F4xx_HAL_Driver/Src/stm32f4xx_hal_rcc.o
 .debug_frame   0x00000610      0xb18 Drivers/STM32F4xx_HAL_Driver/Src/stm32f4xx_hal_tim.o
 .debug_frame   0x00001128      0x404 Drivers/STM32F4xx_HAL_Driver/Src/stm32f4xx_hal_tim_ex.o
 .debug_frame   0x0000152c       0x40 Src/gpio.o
 .debug_frame   0x0000156c      0x124 Src/main.o
 .debug_frame   0x00001690       0x28 Src/stm32f4xx_hal_msp.o
 .debug_frame   0x000016b8       0xa8 Src/stm32f4xx_it.o
 .debug_frame   0x00001760       0x30 Src/system_stm32f4xx.o
 .debug_frame   0x00001790       0x58 Src/tim.o
 .debug_frame   0x000017e8       0x2c c:/ac6/systemworkbench/plugins/fr.ac6.mcu.externaltools.arm-none.win32_1.17.0.201812190825/tools/compiler/bin/../lib/gcc/arm-none-eabi/7.3.1/thumb/v7e-m/fpv4-sp/hard\libgcc.a(_aeabi_uldivmod.o)
 .debug_frame   0x00001814       0x34 c:/ac6/systemworkbench/plugins/fr.ac6.mcu.externaltools.arm-none.win32_1.17.0.201812190825/tools/compiler/bin/../lib/gcc/arm-none-eabi/7.3.1/thumb/v7e-m/fpv4-sp/hard\libgcc.a(_udivmoddi4.o)
 .debug_frame   0x00001848       0x2c c:/ac6/systemworkbench/plugins/fr.ac6.mcu.externaltools.arm-none.win32_1.17.0.201812190825/tools/compiler/bin/../lib/gcc/arm-none-eabi/7.3.1/../../../../arm-none-eabi/lib/thumb/v7e-m/fpv4-sp/hard\libc_nano.a(lib_a-init.o)
 .debug_frame   0x00001874       0x20 c:/ac6/systemworkbench/plugins/fr.ac6.mcu.externaltools.arm-none.win32_1.17.0.201812190825/tools/compiler/bin/../lib/gcc/arm-none-eabi/7.3.1/../../../../arm-none-eabi/lib/thumb/v7e-m/fpv4-sp/hard\libc_nano.a(lib_a-memset.o)
