Archive member included to satisfy reference by file (symbol)

c:/ac6/systemworkbench/plugins/fr.ac6.mcu.externaltools.arm-none.win32_1.17.0.201812190825/tools/compiler/bin/../lib/gcc/arm-none-eabi/7.3.1/thumb/v7e-m/fpv4-sp/hard\libgcc.a(_arm_addsubdf3.o)
                              Src/dalekomir_state.o (__aeabi_f2d)
c:/ac6/systemworkbench/plugins/fr.ac6.mcu.externaltools.arm-none.win32_1.17.0.201812190825/tools/compiler/bin/../lib/gcc/arm-none-eabi/7.3.1/thumb/v7e-m/fpv4-sp/hard\libgcc.a(_arm_muldivdf3.o)
                              Src/dalekomir_state.o (__aeabi_ddiv)
c:/ac6/systemworkbench/plugins/fr.ac6.mcu.externaltools.arm-none.win32_1.17.0.201812190825/tools/compiler/bin/../lib/gcc/arm-none-eabi/7.3.1/thumb/v7e-m/fpv4-sp/hard\libgcc.a(_arm_fixdfsi.o)
                              Src/dalekomir_state.o (__aeabi_d2iz)
c:/ac6/systemworkbench/plugins/fr.ac6.mcu.externaltools.arm-none.win32_1.17.0.201812190825/tools/compiler/bin/../lib/gcc/arm-none-eabi/7.3.1/thumb/v7e-m/fpv4-sp/hard\libgcc.a(_aeabi_uldivmod.o)
                              Drivers/STM32F4xx_HAL_Driver/Src/stm32f4xx_hal_rcc.o (__aeabi_uldivmod)
c:/ac6/systemworkbench/plugins/fr.ac6.mcu.externaltools.arm-none.win32_1.17.0.201812190825/tools/compiler/bin/../lib/gcc/arm-none-eabi/7.3.1/thumb/v7e-m/fpv4-sp/hard\libgcc.a(_udivmoddi4.o)
                              c:/ac6/systemworkbench/plugins/fr.ac6.mcu.externaltools.arm-none.win32_1.17.0.201812190825/tools/compiler/bin/../lib/gcc/arm-none-eabi/7.3.1/thumb/v7e-m/fpv4-sp/hard\libgcc.a(_aeabi_uldivmod.o) (__udivmoddi4)
c:/ac6/systemworkbench/plugins/fr.ac6.mcu.externaltools.arm-none.win32_1.17.0.201812190825/tools/compiler/bin/../lib/gcc/arm-none-eabi/7.3.1/thumb/v7e-m/fpv4-sp/hard\libgcc.a(_dvmd_tls.o)
                              c:/ac6/systemworkbench/plugins/fr.ac6.mcu.externaltools.arm-none.win32_1.17.0.201812190825/tools/compiler/bin/../lib/gcc/arm-none-eabi/7.3.1/thumb/v7e-m/fpv4-sp/hard\libgcc.a(_aeabi_uldivmod.o) (__aeabi_ldiv0)
c:/ac6/systemworkbench/plugins/fr.ac6.mcu.externaltools.arm-none.win32_1.17.0.201812190825/tools/compiler/bin/../lib/gcc/arm-none-eabi/7.3.1/../../../../arm-none-eabi/lib/thumb/v7e-m/fpv4-sp/hard\libc_nano.a(lib_a-errno.o)
                              Src/syscalls.o (__errno)
c:/ac6/systemworkbench/plugins/fr.ac6.mcu.externaltools.arm-none.win32_1.17.0.201812190825/tools/compiler/bin/../lib/gcc/arm-none-eabi/7.3.1/../../../../arm-none-eabi/lib/thumb/v7e-m/fpv4-sp/hard\libc_nano.a(lib_a-exit.o)
                              c:/ac6/systemworkbench/plugins/fr.ac6.mcu.externaltools.arm-none.win32_1.17.0.201812190825/tools/compiler/bin/../lib/gcc/arm-none-eabi/7.3.1/../../../../arm-none-eabi/lib/thumb/v7e-m/fpv4-sp/hard/crt0.o (exit)
c:/ac6/systemworkbench/plugins/fr.ac6.mcu.externaltools.arm-none.win32_1.17.0.201812190825/tools/compiler/bin/../lib/gcc/arm-none-eabi/7.3.1/../../../../arm-none-eabi/lib/thumb/v7e-m/fpv4-sp/hard\libc_nano.a(lib_a-impure.o)
                              c:/ac6/systemworkbench/plugins/fr.ac6.mcu.externaltools.arm-none.win32_1.17.0.201812190825/tools/compiler/bin/../lib/gcc/arm-none-eabi/7.3.1/../../../../arm-none-eabi/lib/thumb/v7e-m/fpv4-sp/hard\libc_nano.a(lib_a-exit.o) (_global_impure_ptr)
c:/ac6/systemworkbench/plugins/fr.ac6.mcu.externaltools.arm-none.win32_1.17.0.201812190825/tools/compiler/bin/../lib/gcc/arm-none-eabi/7.3.1/../../../../arm-none-eabi/lib/thumb/v7e-m/fpv4-sp/hard\libc_nano.a(lib_a-init.o)
                              c:/ac6/systemworkbench/plugins/fr.ac6.mcu.externaltools.arm-none.win32_1.17.0.201812190825/tools/compiler/bin/../lib/gcc/arm-none-eabi/7.3.1/../../../../arm-none-eabi/lib/thumb/v7e-m/fpv4-sp/hard/crt0.o (__libc_init_array)
c:/ac6/systemworkbench/plugins/fr.ac6.mcu.externaltools.arm-none.win32_1.17.0.201812190825/tools/compiler/bin/../lib/gcc/arm-none-eabi/7.3.1/../../../../arm-none-eabi/lib/thumb/v7e-m/fpv4-sp/hard\libc_nano.a(lib_a-memset.o)
                              c:/ac6/systemworkbench/plugins/fr.ac6.mcu.externaltools.arm-none.win32_1.17.0.201812190825/tools/compiler/bin/../lib/gcc/arm-none-eabi/7.3.1/../../../../arm-none-eabi/lib/thumb/v7e-m/fpv4-sp/hard/crt0.o (memset)

Allocating common symbols
Common symbol       size              file

uwTick              0x4               Drivers/STM32F4xx_HAL_Driver/Src/stm32f4xx_hal.o
pFlash              0x20              Drivers/STM32F4xx_HAL_Driver/Src/stm32f4xx_hal_flash.o

Discarded input sections

 .text          0x00000000        0x0 c:/ac6/systemworkbench/plugins/fr.ac6.mcu.externaltools.arm-none.win32_1.17.0.201812190825/tools/compiler/bin/../lib/gcc/arm-none-eabi/7.3.1/thumb/v7e-m/fpv4-sp/hard/crti.o
 .data          0x00000000        0x0 c:/ac6/systemworkbench/plugins/fr.ac6.mcu.externaltools.arm-none.win32_1.17.0.201812190825/tools/compiler/bin/../lib/gcc/arm-none-eabi/7.3.1/thumb/v7e-m/fpv4-sp/hard/crti.o
[...]
Memory Configuration

Name             Origin             Length             Attributes
RAM              0x20000000         0x00020000         xrw
CCMRAM           0x10000000         0x00010000         rw
FLASH            0x08000000         0x00100000         xr
*default*        0x00000000         0xffffffff

Linker script and memory map

LOAD c:/ac6/systemworkbench/plugins/fr.ac6.mcu.externaltools.arm-none.win32_1.17.0.201812190825/tools/compiler/bin/../lib/gcc/arm-none-eabi/7.3.1/thumb/v7e-m/fpv4-sp/hard/crti.o
LOAD c:/ac6/systemworkbench/plugins/fr.ac6.mcu.externaltools.arm-none.win32_1.17.0.201812190825/tools/compiler/bin/../lib/gcc/arm-none-eabi/7.3.1/thumb/v7e-m/fpv4-sp/hard/crtbegin.o
LOAD c:/ac6/systemworkbench/plugins/fr.ac6.mcu.externaltools.arm-none.win32_1.17.0.201812190825/tools/compiler/bin/../lib/gcc/arm-none-eabi/7.3.1/../../../../arm-none-eabi/lib/thumb/v7e-m/fpv4-sp/hard/crt0.o
LOAD Drivers/STM32F4xx_HAL_Driver/Src/stm32f4xx_hal.o
LOAD Drivers/STM32F4xx_HAL_Driver/Src/stm32f4xx_hal_cortex.o
LOAD Drivers/STM32F4xx_HAL_Driver/Src/stm32f4xx_hal_dma.o
LOAD Drivers/STM32F4xx_HAL_Driver/Src/stm32f4xx_hal_dma_ex.o
LOAD Drivers/STM32F4xx_HAL_Driver/Src/stm32f4xx_hal_exti.o
LOAD Drivers/STM32F4xx_HAL_Driver/Src/stm32f4xx_hal_flash.o
LOAD Drivers/STM32F4xx_HAL_Driver/Src/stm32f4xx_hal_flash_ex.o
LOAD Drivers/STM32F4xx_HAL_Driver/Src/stm32f4xx_hal_flash_ramfunc.o
LOAD Drivers/STM32F4xx_HAL_Driver/Src/stm32f4xx_hal_gpio.o
LOAD Drivers/STM32F4xx_HAL_Driver/Src/stm32f4xx_hal_pwr.o
LOAD Drivers/STM32F4xx_HAL_Driver/Src/stm32f4xx_hal_pwr_ex.o
LOAD Drivers/STM32F4xx_HAL_Driver/Src/stm32f4xx_hal_rcc.o
LOAD Drivers/STM32F4xx_HAL_Driver/Src/stm32f4xx_hal_rcc_ex.o
LOAD Drivers/STM32F4xx_HAL_Driver/Src/stm32f4xx_hal_tim.o
LOAD Drivers/STM32F4xx_HAL_Driver/Src/stm32f4xx_hal_tim_ex.o
LOAD Src/cm_state.o
LOAD Src/dalekomir.o
LOAD Src/dalekomir_state.o
LOAD Src/gpio.o
LOAD Src/led_tape.o
LOAD Src/main.o
LOAD Src/stm32f4xx_hal_msp.o
LOAD Src/stm32f4xx_it.o
LOAD Src/sys.o
LOAD Src/syscalls.o
LOAD Src/system_stm32f4xx.o
LOAD startup/startup_stm32f407xx.o
LOAD c:/ac6/systemworkbench/plugins/fr.ac6.mcu.externaltools.arm-none.win32_1.17.0.201812190825/tools/compiler/bin/../lib/gcc/arm-none-eabi/7.3.1/../../../../arm-none-eabi/lib/thumb/v7e-m/fpv4-sp/hard\libm.a
START GROUP
LOAD c:/ac6/systemworkbench/plugins/fr.ac6.mcu.externaltools.arm-none.win32_1.17.0.201812190825/tools/compiler/bin/../lib/gcc/arm-none-eabi/7.3.1/thumb/v7e-m/fpv4-sp/hard\libgcc.a
LOAD c:/ac6/systemworkbench/plugins/fr.ac6.mcu.externaltools.arm-none.win32_1.17.0.201812190825/tools/compiler/bin/../lib/gcc/arm-none-eabi/7.3.1/../../../../arm-none-eabi/lib/thumb/v7e-m/fpv4-sp/hard\libc_nano.a
END GROUP
START GROUP
LOAD c:/ac6/systemworkbench/plugins/fr.ac6.mcu.externaltools.arm-none.win32_1.17.0.201812190825/tools/compiler/bin/../lib/gcc/arm-none-eabi/7.3.1/thumb/v7e-m/fpv4-sp/hard\libgcc.a
LOAD c:/ac6/systemworkbench/plugins/fr.ac6.mcu.externaltools.arm-none.win32_1.17.0.201812190825/tools/compiler/bin/../lib/gcc/arm-none-eabi/7.3.1/../../../../arm-none-eabi/lib/thumb/v7e-m/fpv4-sp/hard\libc_nano.a
LOAD c:/ac6/systemworkbench/plugins/fr.ac6.mcu.externaltools.arm-none.win32_1.17.0.201812190825/tools/compiler/bin/../lib/gcc/arm-none-eabi/7.3.1/../../../../arm-none-eabi/lib/thumb/v7e-m/fpv4-sp/hard\libnosys.a
END GROUP
START GROUP
LOAD c:/ac6/systemworkbench/plugins/fr.ac6.mcu.externaltools.arm-none.win32_1.17.0.201812190825/tools/compiler/bin/../lib/gcc/arm-none-eabi/7.3.1/thumb/v7e-m/fpv4-sp/hard\libgcc.a
LOAD c:/ac6/systemworkbench/plugins/fr.ac6.mcu.externaltools.arm-none.win32_1.17.0.201812190825/tools/compiler/bin/../lib/gcc/arm-none-eabi/7.3.1/../../../../arm-none-eabi/lib/thumb/v7e-m/fpv4-sp/hard\libc_nano.a
LOAD c:/ac6/systemworkbench/plugins/fr.ac6.mcu.externaltools.arm-none.win32_1.17.0.201812190825/tools/compiler/bin/../lib/gcc/arm-none-eabi/7.3.1/../../../../arm-none-eabi/lib/thumb/v7e-m/fpv4-sp/hard\libnosys.a
END GROUP
LOAD c:/ac6/systemworkbench/plugins/fr.ac6.mcu.externaltools.arm-none.win32_1.17.0.201812190825/tools/compiler/bin/../lib/gcc/arm-none-eabi/7.3.1/thumb/v7e-m/fpv4-sp/hard/crtend.o
LOAD c:/ac6/systemworkbench/plugins/fr.ac6.mcu.externaltools.arm-none.win32_1.17.0.201812190825/tools/compiler/bin/../lib/gcc/arm-none-eabi/7.3.1/thumb/v7e-m/fpv4-sp/hard/crtn.o
                0x20020000                _estack = 0x20020000
                0x00000200                _Min_Heap_Size = 0x200
                0x00000400                _Min_Stack_Size = 0x400

.isr_vector     0x08000000      0x188
                0x08000000                . = ALIGN (0x4)
 *(.isr_vector)
 .isr_vector    0x08000000      0x188 startup/startup_stm32f407xx.o
                0x08000000                g_pfnVectors
                0x08000188                . = ALIGN (0x4)

.text           0x08000188     0x2698
                0x08000188                . = ALIGN (0x4)
 *(.text)
 .text          0x08000188       0x40 c:/ac6/systemworkbench/plugins/fr.ac6.mcu.externaltools.arm-none.win32_1.17.0.201812190825/tools/compiler/bin/../lib/gcc/arm-none-eabi/7.3.1/thumb/v7e-m/fpv4-sp/hard/crtbegin.o
 .text          0x080001c8      0x378 c:/ac6/systemworkbench/plugins/fr.ac6.mcu.externaltools.arm-none.win32_1.17.0.201812190825/tools/compiler/bin/../lib/gcc/arm-none-eabi/7.3.1/thumb/v7e-m/fpv4-sp/hard\libgcc.a(_arm_addsubdf3.o)
                0x080001c8                __aeabi_drsub
                0x080001d0                __aeabi_dsub
                0x080001d0                __subdf3
                0x080001d4                __aeabi_dadd
                0x080001d4                __adddf3
                0x0800044c                __floatunsidf
                0x0800044c                __aeabi_ui2d
                0x0800046c                __floatsidf
                0x0800046c                __aeabi_i2d
                0x08000490                __aeabi_f2d
                0x08000490                __extendsfdf2
                0x080004d4                __floatundidf
                0x080004d4                __aeabi_ul2d
                0x080004e4                __floatdidf
                0x080004e4                __aeabi_l2d
 .text          0x08000540      0x424 c:/ac6/systemworkbench/plugins/fr.ac6.mcu.externaltools.arm-none.win32_1.17.0.201812190825/tools/compiler/bin/../lib/gcc/arm-none-eabi/7.3.1/thumb/v7e-m/fpv4-sp/hard\libgcc.a(_arm_muldivdf3.o)
                0x08000540                __aeabi_dmul
                0x08000540                __muldf3
                0x08000794                __divdf3
                0x08000794                __aeabi_ddiv
 .text          0x08000964       0x50 c:/ac6/systemworkbench/plugins/fr.ac6.mcu.externaltools.arm-none.win32_1.17.0.201812190825/tools/compiler/bin/../lib/gcc/arm-none-eabi/7.3.1/thumb/v7e-m/fpv4-sp/hard\libgcc.a(_arm_fixdfsi.o)
                0x08000964                __aeabi_d2iz
                0x08000964                __fixdfsi
 .text          0x080009b4       0x30 c:/ac6/systemworkbench/plugins/fr.ac6.mcu.externaltools.arm-none.win32_1.17.0.201812190825/tools/compiler/bin/../lib/gcc/arm-none-eabi/7.3.1/thumb/v7e-m/fpv4-sp/hard\libgcc.a(_aeabi_uldivmod.o)
                0x080009b4                __aeabi_uldivmod
 .text          0x080009e4      0x2cc c:/ac6/systemworkbench/plugins/fr.ac6.mcu.externaltools.arm-none.win32_1.17.0.201812190825/tools/compiler/bin/../lib/gcc/arm-none-eabi/7.3.1/thumb/v7e-m/fpv4-sp/hard\libgcc.a(_udivmoddi4.o)
                0x080009e4                __udivmoddi4
 .text          0x08000cb0        0x4 c:/ac6/systemworkbench/plugins/fr.ac6.mcu.externaltools.arm-none.win32_1.17.0.201812190825/tools/compiler/bin/../lib/gcc/arm-none-eabi/7.3.1/thumb/v7e-m/fpv4-sp/hard\libgcc.a(_dvmd_tls.o)
                0x08000cb0                __aeabi_idiv0
                0x08000cb0                __aeabi_ldiv0
 *(.text*)
 .text.HAL_InitTick
                0x08000cb4       0x48 Drivers/STM32F4xx_HAL_Driver/Src/stm32f4xx_hal.o
                0x08000cb4                HAL_InitTick
 .text.HAL_Init
                0x08000cfc       0x34 Drivers/STM32F4xx_HAL_Driver/Src/stm32f4xx_hal.o
                0x08000cfc                HAL_Init
 .text.HAL_IncTick
                0x08000d30       0x18 Drivers/STM32F4xx_HAL_Driver/Src/stm32f4xx_hal.o
                0x08000d30                HAL_IncTick
 .text.HAL_GetTick
                0x08000d48        0xc Drivers/STM32F4xx_HAL_Driver/Src/stm32f4xx_hal.o
                0x08000d48                HAL_GetTick
 .text.HAL_Delay
                0x08000d54       0x28 Drivers/STM32F4xx_HAL_Driver/Src/stm32f4xx_hal.o
                0x08000d54                HAL_Delay
 .text.HAL_NVIC_SetPriorityGrouping
                0x08000d7c       0x3c Drivers/STM32F4xx_HAL_Driver/Src/stm32f4xx_hal_cortex.o
                0x08000d7c                HAL_NVIC_SetPriorityGrouping
 .text.HAL_NVIC_SetPriority
                0x08000db8       0x8c Drivers/STM32F4xx_HAL_Driver/Src/stm32f4xx_hal_cortex.o
                0x08000db8                HAL_NVIC_SetPriority
 .text.HAL_NVIC_EnableIRQ
                0x08000e44       0x30 Drivers/STM32F4xx_HAL_Driver/Src/stm32f4xx_hal_cortex.o
                0x08000e44                HAL_NVIC_EnableIRQ
 .text.HAL_SYSTICK_Config
                0x08000e74       0x2c Drivers/STM32F4xx_HAL_Driver/Src/stm32f4xx_hal_cortex.o
                0x08000e74                HAL_SYSTICK_Config
 .text.HAL_GPIO_Init
                0x08000ea0      0x2f4 Drivers/STM32F4xx_HAL_Driver/Src/stm32f4xx_hal_gpio.o
                0x08000ea0                HAL_GPIO_Init
 .text.HAL_GPIO_ReadPin
                0x08001194       0x28 Drivers/STM32F4xx_HAL_Driver/Src/stm32f4xx_hal_gpio.o
                0x08001194                HAL_GPIO_ReadPin
 .text.HAL_GPIO_WritePin
                0x080011bc       0x38 Drivers/STM32F4xx_HAL_Driver/Src/stm32f4xx_hal_gpio.o
                0x080011bc                HAL_GPIO_WritePin
 .text.HAL_GPIO_EXTI_IRQHandler
                0x080011f4       0x1c Drivers/STM32F4xx_HAL_Driver/Src/stm32f4xx_hal_gpio.o
                0x080011f4                HAL_GPIO_EXTI_IRQHandler
 .text.HAL_RCC_OscConfig
                0x08001210      0x4f4 Drivers/STM32F4xx_HAL_Driver/Src/stm32f4xx_hal_rcc.o
                0x08001210                HAL_RCC_OscConfig
 .text.HAL_RCC_GetSysClockFreq
                0x08001704       0xd8 Drivers/STM32F4xx_HAL_Driver/Src/stm32f4xx_hal_rcc.o
                0x08001704                HAL_RCC_GetSysClockFreq
 .text.HAL_RCC_ClockConfig
                0x080017dc      0x21c Drivers/STM32F4xx_HAL_Driver/Src/stm32f4xx_hal_rcc.o
                0x080017dc                HAL_RCC_ClockConfig
 .text.cm_state
                0x080019f8      0x148 Src/cm_state.o
                0x080019f8                cm_state
 .text.DWT_Init
                0x08001b40       0x2c Src/dalekomir.o
                0x08001b40                DWT_Init
 .text.get_us   0x08001b6c       0x24 Src/dalekomir.o
                0x08001b6c                get_us
 .text.udelay   0x08001b90       0x28 Src/dalekomir.o
                0x08001b90                udelay
 .text.dalekomir_state
                0x08001bb8      0x17c Src/dalekomir_state.o
                0x08001bb8                dalekomir_state
 .text.MX_GPIO_Init
                0x08001d34      0x258 Src/gpio.o
                0x08001d34                MX_GPIO_Init
 .text.delay_L  0x08001f8c        0xa Src/led_tape.o
                0x08001f8c                delay_L
 .text.delay_H  0x08001f96        0xa Src/led_tape.o
                0x08001f96                delay_H
 .text.distance_to_state
                0x08001fa0       0x24 Src/led_tape.o
                0x08001fa0                distance_to_state
 .text.light_grad
                0x08001fc4       0xd8 Src/led_tape.o
                0x08001fc4                light_grad
 .text.light    0x0800209c      0x4f8 Src/led_tape.o
                0x0800209c                light
 .text.check_button
                0x08002594       0x64 Src/main.o
                0x08002594                check_button
 .text.HAL_GPIO_EXTI_Callback
                0x080025f8       0x24 Src/main.o
                0x080025f8                HAL_GPIO_EXTI_Callback
 .text.SystemClock_Config
                0x0800261c       0x94 Src/main.o
                0x0800261c                SystemClock_Config
 .text.main     0x080026b0       0x30 Src/main.o
                0x080026b0                main
 .text.assert_failed
                0x080026e0        0x2 Src/main.o
                0x080026e0                assert_failed
 *fill*         0x080026e2        0x2 
 .text.HAL_MspInit
                0x080026e4       0x38 Src/stm32f4xx_hal_msp.o
                0x080026e4                HAL_MspInit
 .text.NMI_Handler
                0x0800271c        0x2 Src/stm32f4xx_it.o
                0x0800271c                NMI_Handler
 .text.HardFault_Handler
                0x0800271e        0x2 Src/stm32f4xx_it.o
                0x0800271e                HardFault_Handler
 .text.MemManage_Handler
                0x08002720        0x2 Src/stm32f4xx_it.o
                0x08002720                MemManage_Handler
 .text.BusFault_Handler
                0x08002722        0x2 Src/stm32f4xx_it.o
                0x08002722                BusFault_Handler
 .text.UsageFault_Handler
                0x08002724        0x2 Src/stm32f4xx_it.o
                0x08002724                UsageFault_Handler
 .text.SVC_Handler
                0x08002726        0x2 Src/stm32f4xx_it.o
                0x08002726                SVC_Handler
 .text.DebugMon_Handler
                0x08002728        0x2 Src/stm32f4xx_it.o
                0x08002728                DebugMon_Handler
 .text.PendSV_Handler
                0x0800272a        0x2 Src/stm32f4xx_it.o
                0x0800272a                PendSV_Handler
 .text.SysTick_Handler
                0x0800272c        0x8 Src/stm32f4xx_it.o
                0x0800272c                SysTick_Handler
 .text.EXTI0_IRQHandler
                0x08002734        0xa Src/stm32f4xx_it.o
                0x08002734                EXTI0_IRQHandler
 *fill*         0x0800273e        0x2 
 .text.SystemInit
                0x08002740       0x1c Src/system_stm32f4xx.o
                0x08002740                SystemInit
 .text.Reset_Handler
                0x0800275c       0x50 startup/startup_stm32f407xx.o
                0x0800275c                Reset_Handler
 .text.Default_Handler
                0x080027ac        0x2 startup/startup_stm32f407xx.o
                0x080027ac                RTC_Alarm_IRQHandler
                0x080027ac                HASH_RNG_IRQHandler
                0x080027ac                EXTI2_IRQHandler
                0x080027ac                TIM8_CC_IRQHandler
                0x080027ac                TIM1_CC_IRQHandler
                0x080027ac                DMA2_Stream5_IRQHandler
                0x080027ac                DMA1_Stream5_IRQHandler
                0x080027ac                PVD_IRQHandler
                0x080027ac                SDIO_IRQHandler
                0x080027ac                TAMP_STAMP_IRQHandler
                0x080027ac                CAN2_RX1_IRQHandler
                0x080027ac                EXTI3_IRQHandler
                0x080027ac                TIM8_TRG_COM_TIM14_IRQHandler
                0x080027ac                TIM1_UP_TIM10_IRQHandler
                0x080027ac                TIM8_UP_TIM13_IRQHandler
                0x080027ac                I2C3_ER_IRQHandler
                0x080027ac                I2C2_EV_IRQHandler
                0x080027ac                DMA1_Stream2_IRQHandler
                0x080027ac                CAN1_RX0_IRQHandler
                0x080027ac                FPU_IRQHandler
                0x080027ac                OTG_HS_WKUP_IRQHandler
                0x080027ac                CAN2_SCE_IRQHandler
                0x080027ac                DMA2_Stream2_IRQHandler
                0x080027ac                SPI1_IRQHandler
                0x080027ac                TIM6_DAC_IRQHandler
                0x080027ac                TIM1_BRK_TIM9_IRQHandler
                0x080027ac                DCMI_IRQHandler
                0x080027ac                CAN2_RX0_IRQHandler
                0x080027ac                DMA2_Stream3_IRQHandler
                0x080027ac                USART6_IRQHandler
                0x080027ac                USART3_IRQHandler
                0x080027ac                CAN1_RX1_IRQHandler
                0x080027ac                UART5_IRQHandler
                0x080027ac                DMA2_Stream0_IRQHandler
                0x080027ac                TIM4_IRQHandler
                0x080027ac                I2C1_EV_IRQHandler
                0x080027ac                DMA1_Stream6_IRQHandler
                0x080027ac                DMA1_Stream1_IRQHandler
                0x080027ac                UART4_IRQHandler
                0x080027ac                TIM3_IRQHandler
                0x080027ac                RCC_IRQHandler
                0x080027ac                TIM8_BRK_TIM12_IRQHandler
                0x080027ac                Default_Handler
                0x080027ac                EXTI15_10_IRQHandler
                0x080027ac                ADC_IRQHandler
                0x080027ac                DMA1_Stream7_IRQHandler
                0x080027ac                TIM7_IRQHandler
                0x080027ac                CAN2_TX_IRQHandler
                0x080027ac                TIM5_IRQHandler
                0x080027ac                DMA2_Stream7_IRQHandler
                0x080027ac                I2C3_EV_IRQHandler
                0x080027ac                EXTI9_5_IRQHandler
                0x080027ac                RTC_WKUP_IRQHandler
                0x080027ac                ETH_WKUP_IRQHandler
                0x080027ac                SPI2_IRQHandler
                0x080027ac                OTG_HS_EP1_IN_IRQHandler
                0x080027ac                DMA1_Stream0_IRQHandler
                0x080027ac                CAN1_TX_IRQHandler
                0x080027ac                EXTI4_IRQHandler
                0x080027ac                FSMC_IRQHandler
                0x080027ac                ETH_IRQHandler
                0x080027ac                OTG_HS_EP1_OUT_IRQHandler
                0x080027ac                WWDG_IRQHandler
                0x080027ac                TIM2_IRQHandler
                0x080027ac                OTG_FS_WKUP_IRQHandler
                0x080027ac                TIM1_TRG_COM_TIM11_IRQHandler
                0x080027ac                OTG_HS_IRQHandler
                0x080027ac                EXTI1_IRQHandler
                0x080027ac                USART2_IRQHandler
                0x080027ac                I2C2_ER_IRQHandler
                0x080027ac                DMA2_Stream1_IRQHandler
                0x080027ac                CAN1_SCE_IRQHandler
                0x080027ac                FLASH_IRQHandler
                0x080027ac                DMA2_Stream4_IRQHandler
                0x080027ac                USART1_IRQHandler
                0x080027ac                OTG_FS_IRQHandler
                0x080027ac                SPI3_IRQHandler
                0x080027ac                DMA1_Stream4_IRQHandler
                0x080027ac                I2C1_ER_IRQHandler
                0x080027ac                DMA2_Stream6_IRQHandler
                0x080027ac                DMA1_Stream3_IRQHandler
 *fill*         0x080027ae        0x2 
 .text.__libc_init_array
                0x080027b0       0x48 c:/ac6/systemworkbench/plugins/fr.ac6.mcu.externaltools.arm-none.win32_1.17.0.201812190825/tools/compiler/bin/../lib/gcc/arm-none-eabi/7.3.1/../../../../arm-none-eabi/lib/thumb/v7e-m/fpv4-sp/hard\libc_nano.a(lib_a-init.o)
                0x080027b0                __libc_init_array
 .text.memset   0x080027f8       0x10 c:/ac6/systemworkbench/plugins/fr.ac6.mcu.externaltools.arm-none.win32_1.17.0.201812190825/tools/compiler/bin/../lib/gcc/arm-none-eabi/7.3.1/../../../../arm-none-eabi/lib/thumb/v7e-m/fpv4-sp/hard\libc_nano.a(lib_a-memset.o)
                0x080027f8                memset
 *(.glue_7)
 .glue_7        0x08002808        0x0 linker stubs
 *(.glue_7t)
 .glue_7t       0x08002808        0x0 linker stubs
 *(.eh_frame)
 .eh_frame      0x08002808        0x0 c:/ac6/systemworkbench/plugins/fr.ac6.mcu.externaltools.arm-none.win32_1.17.0.201812190825/tools/compiler/bin/../lib/gcc/arm-none-eabi/7.3.1/thumb/v7e-m/fpv4-sp/hard/crtbegin.o
 *(.init)
 .init          0x08002808        0x4 c:/ac6/systemworkbench/plugins/fr.ac6.mcu.externaltools.arm-none.win32_1.17.0.201812190825/tools/compiler/bin/../lib/gcc/arm-none-eabi/7.3.1/thumb/v7e-m/fpv4-sp/hard/crti.o
                0x08002808                _init
 .init          0x0800280c        0x8 c:/ac6/systemworkbench/plugins/fr.ac6.mcu.externaltools.arm-none.win32_1.17.0.201812190825/tools/compiler/bin/../lib/gcc/arm-none-eabi/7.3.1/thumb/v7e-m/fpv4-sp/hard/crtn.o
 *(.fini)
 .fini          0x08002814        0x4 c:/ac6/systemworkbench/plugins/fr.ac6.mcu.externaltools.arm-none.win32_1.17.0.201812190825/tools/compiler/bin/../lib/gcc/arm-none-eabi/7.3.1/thumb/v7e-m/fpv4-sp/hard/crti.o
                0x08002814                _fini
 .fini          0x08002818        0x8 c:/ac6/systemworkbench/plugins/fr.ac6.mcu.externaltools.arm-none.win32_1.17.0.201812190825/tools/compiler/bin/../lib/gcc/arm-none-eabi/7.3.1/thumb/v7e-m/fpv4-sp/hard/crtn.o
                0x08002820                . = ALIGN (0x4)
                0x08002820                _etext = .

.vfp11_veneer   0x08002820        0x0
 .vfp11_veneer  0x08002820        0x0 linker stubs

.v4_bx          0x08002820        0x0
 .v4_bx         0x08002820        0x0 linker stubs

.iplt           0x08002820        0x0
 .iplt          0x08002820        0x0 c:/ac6/systemworkbench/plugins/fr.ac6.mcu.externaltools.arm-none.win32_1.17.0.201812190825/tools/compiler/bin/../lib/gcc/arm-none-eabi/7.3.1/thumb/v7e-m/fpv4-sp/hard/crtbegin.o

.rodata         0x08002820       0xc8
                0x08002820                . = ALIGN (0x4)
 *(.rodata)
 .rodata        0x08002820       0x18 Src/system_stm32f4xx.o
                0x08002820                AHBPrescTable
                0x08002830                APBPrescTable
 *(.rodata*)
 .rodata.str1.4
                0x08002838       0x3b Drivers/STM32F4xx_HAL_Driver/Src/stm32f4xx_hal_cortex.o
 *fill*         0x08002873        0x1 
 .rodata.str1.4
                0x08002874       0x39 Drivers/STM32F4xx_HAL_Driver/Src/stm32f4xx_hal_gpio.o
 *fill*         0x080028ad        0x3 
 .rodata.str1.4
                0x080028b0       0x38 Drivers/STM32F4xx_HAL_Driver/Src/stm32f4xx_hal_rcc.o
                0x080028e8                . = ALIGN (0x4)

.ARM.extab
 *(.ARM.extab* .gnu.linkonce.armextab.*)

.ARM            0x080028e8        0x8
                0x080028e8                __exidx_start = .
 *(.ARM.exidx*)
 .ARM.exidx     0x080028e8        0x8 c:/ac6/systemworkbench/plugins/fr.ac6.mcu.externaltools.arm-none.win32_1.17.0.201812190825/tools/compiler/bin/../lib/gcc/arm-none-eabi/7.3.1/thumb/v7e-m/fpv4-sp/hard\libgcc.a(_udivmoddi4.o)
                0x080028f0                __exidx_end = .

.rel.dyn        0x080028f0        0x0
 .rel.iplt      0x080028f0        0x0 c:/ac6/systemworkbench/plugins/fr.ac6.mcu.externaltools.arm-none.win32_1.17.0.201812190825/tools/compiler/bin/../lib/gcc/arm-none-eabi/7.3.1/thumb/v7e-m/fpv4-sp/hard/crtbegin.o

.preinit_array  0x080028f0        0x0
                0x080028f0                PROVIDE (__preinit_array_start = .)
 *(.preinit_array*)
                0x080028f0                PROVIDE (__preinit_array_end = .)

.init_array     0x080028f0        0x4
                0x080028f0                PROVIDE (__init_array_start = .)
 *(SORT_BY_NAME(.init_array.*))
 *(.init_array*)
 .init_array    0x080028f0        0x4 c:/ac6/systemworkbench/plugins/fr.ac6.mcu.externaltools.arm-none.win32_1.17.0.201812190825/tools/compiler/bin/../lib/gcc/arm-none-eabi/7.3.1/thumb/v7e-m/fpv4-sp/hard/crtbegin.o
                0x080028f4                PROVIDE (__init_array_end = .)

.fini_array     0x080028f4        0x4
                [!provide]                PROVIDE (__fini_array_start = .)
 *(SORT_BY_NAME(.fini_array.*))
 *(.fini_array*)
 .fini_array    0x080028f4        0x4 c:/ac6/systemworkbench/plugins/fr.ac6.mcu.externaltools.arm-none.win32_1.17.0.201812190825/tools/compiler/bin/../lib/gcc/arm-none-eabi/7.3.1/thumb/v7e-m/fpv4-sp/hard/crtbegin.o
                [!provide]                PROVIDE (__fini_array_end = .)
                0x080028f8                _sidata = LOADADDR (.data)

.data           0x20000000       0x14 load address 0x080028f8
                0x20000000                . = ALIGN (0x4)
                0x20000000                _sdata = .
 *(.data)
 .data          0x20000000        0x8 Drivers/STM32F4xx_HAL_Driver/Src/stm32f4xx_hal.o
                0x20000000                uwTickFreq
                0x20000004                uwTickPrio
 .data          0x20000008        0x8 Src/main.o
                0x20000008                button_not_pressed
                0x2000000c                state
 .data          0x20000010        0x4 Src/system_stm32f4xx.o
                0x20000010                SystemCoreClock
 *(.data*)
                0x20000014                . = ALIGN (0x4)
                0x20000014                _edata = .
                0x0800290c                _siccmram = LOADADDR (.ccmram)

.igot.plt       0x20000014        0x0 load address 0x0800290c
 .igot.plt      0x20000014        0x0 c:/ac6/systemworkbench/plugins/fr.ac6.mcu.externaltools.arm-none.win32_1.17.0.201812190825/tools/compiler/bin/../lib/gcc/arm-none-eabi/7.3.1/thumb/v7e-m/fpv4-sp/hard/crtbegin.o

.ccmram         0x10000000        0x0 load address 0x0800290c
                0x10000000                . = ALIGN (0x4)
                0x10000000                _sccmram = .
 *(.ccmram)
 *(.ccmram*)
                0x10000000                . = ALIGN (0x4)
                0x10000000                _eccmram = .
                0x10000000                . = ALIGN (0x4)

.bss            0x20000014       0x28
                0x20000014                _sbss = .
                0x20000014                __bss_start__ = _sbss
 *(.bss)
 .bss           0x20000014       0x1c c:/ac6/systemworkbench/plugins/fr.ac6.mcu.externaltools.arm-none.win32_1.17.0.201812190825/tools/compiler/bin/../lib/gcc/arm-none-eabi/7.3.1/thumb/v7e-m/fpv4-sp/hard/crtbegin.o
 .bss           0x20000030        0x8 Src/main.o
                0x20000030                long_press
 *(.bss*)
 *(COMMON)
 COMMON         0x20000038        0x4 Drivers/STM32F4xx_HAL_Driver/Src/stm32f4xx_hal.o
                0x20000038                uwTick
                0x2000003c                . = ALIGN (0x4)
                0x2000003c                _ebss = .
                0x2000003c                __bss_end__ = _ebss

._user_heap_stack
                0x2000003c      0x604
                0x20000040                . = ALIGN (0x8)
 *fill*         0x2000003c        0x4 
                0x20000040                PROVIDE (end = .)
                [!provide]                PROVIDE (_end = .)
                0x20000240                . = (. + _Min_Heap_Size)
 *fill*         0x20000040      0x200 
                0x20000640                . = (. + _Min_Stack_Size)
 *fill*         0x20000240      0x400 
                0x20000640                . = ALIGN (0x8)

/DISCARD/
 libc.a(*)
 libm.a(*)
 libgcc.a(*)

.ARM.attributes
                0x00000000       0x30
 *(.ARM.attributes)
 .ARM.attributes
                0x00000000       0x22 c:/ac6/systemworkbench/plugins/fr.ac6.mcu.externaltools.arm-none.win32_1.17.0.201812190825/tools/compiler/bin/../lib/gcc/arm-none-eabi/7.3.1/thumb/v7e-m/fpv4-sp/hard/crti.o
 .ARM.attributes
                0x00000022       0x34 c:/ac6/systemworkbench/plugins/fr.ac6.mcu.externaltools.arm-none.win32_1.17.0.201812190825/tools/compiler/bin/../lib/gcc/arm-none-eabi/7.3.1/thumb/v7e-m/fpv4-sp/hard/crtbegin.o
 .ARM.attributes
                0x00000056       0x39 Drivers/STM32F4xx_HAL_Driver/Src/stm32f4xx_hal.o
 .ARM.attributes
                0x0000008f       0x39 Drivers/STM32F4xx_HAL_Driver/Src/stm32f4xx_hal_cortex.o
 .ARM.attributes
                0x000000c8       0x39 Drivers/STM32F4xx_HAL_Driver/Src/stm32f4xx_hal_gpio.o
 .ARM.attributes
                0x00000101       0x39 Drivers/STM32F4xx_HAL_Driver/Src/stm32f4xx_hal_rcc.o
 .ARM.attributes
                0x0000013a       0x39 Src/cm_state.o
 .ARM.attributes
                0x00000173       0x39 Src/dalekomir.o
 .ARM.attributes
                0x000001ac       0x39 Src/dalekomir_state.o
 .ARM.attributes
                0x000001e5       0x39 Src/gpio.o
 .ARM.attributes
                0x0000021e       0x39 Src/led_tape.o
 .ARM.attributes
                0x00000257       0x39 Src/main.o
 .ARM.attributes
                0x00000290       0x39 Src/stm32f4xx_hal_msp.o
 .ARM.attributes
                0x000002c9       0x39 Src/stm32f4xx_it.o
 .ARM.attributes
                0x00000302       0x39 Src/system_stm32f4xx.o
 .ARM.attributes
                0x0000033b       0x21 startup/startup_stm32f407xx.o
 .ARM.attributes
                0x0000035c       0x22 c:/ac6/systemworkbench/plugins/fr.ac6.mcu.externaltools.arm-none.win32_1.17.0.201812190825/tools/compiler/bin/../lib/gcc/arm-none-eabi/7.3.1/thumb/v7e-m/fpv4-sp/hard\libgcc.a(_arm_addsubdf3.o)
 .ARM.attributes
                0x0000037e       0x22 c:/ac6/systemworkbench/plugins/fr.ac6.mcu.externaltools.arm-none.win32_1.17.0.201812190825/tools/compiler/bin/../lib/gcc/arm-none-eabi/7.3.1/thumb/v7e-m/fpv4-sp/hard\libgcc.a(_arm_muldivdf3.o)
 .ARM.attributes
                0x000003a0       0x22 c:/ac6/systemworkbench/plugins/fr.ac6.mcu.externaltools.arm-none.win32_1.17.0.201812190825/tools/compiler/bin/../lib/gcc/arm-none-eabi/7.3.1/thumb/v7e-m/fpv4-sp/hard\libgcc.a(_arm_fixdfsi.o)
 .ARM.attributes
                0x000003c2       0x22 c:/ac6/systemworkbench/plugins/fr.ac6.mcu.externaltools.arm-none.win32_1.17.0.201812190825/tools/compiler/bin/../lib/gcc/arm-none-eabi/7.3.1/thumb/v7e-m/fpv4-sp/hard\libgcc.a(_aeabi_uldivmod.o)
 .ARM.attributes
                0x000003e4       0x34 c:/ac6/systemworkbench/plugins/fr.ac6.mcu.externaltools.arm-none.win32_1.17.0.201812190825/tools/compiler/bin/../lib/gcc/arm-none-eabi/7.3.1/thumb/v7e-m/fpv4-sp/hard\libgcc.a(_udivmoddi4.o)
 .ARM.attributes
                0x00000418       0x22 c:/ac6/systemworkbench/plugins/fr.ac6.mcu.externaltools.arm-none.win32_1.17.0.201812190825/tools/compiler/bin/../lib/gcc/arm-none-eabi/7.3.1/thumb/v7e-m/fpv4-sp/hard\libgcc.a(_dvmd_tls.o)
 .ARM.attributes
                0x0000043a       0x34 c:/ac6/systemworkbench/plugins/fr.ac6.mcu.externaltools.arm-none.win32_1.17.0.201812190825/tools/compiler/bin/../lib/gcc/arm-none-eabi/7.3.1/../../../../arm-none-eabi/lib/thumb/v7e-m/fpv4-sp/hard\libc_nano.a(lib_a-init.o)
 .ARM.attributes
                0x0000046e       0x34 c:/ac6/systemworkbench/plugins/fr.ac6.mcu.externaltools.arm-none.win32_1.17.0.201812190825/tools/compiler/bin/../lib/gcc/arm-none-eabi/7.3.1/../../../../arm-none-eabi/lib/thumb/v7e-m/fpv4-sp/hard\libc_nano.a(lib_a-memset.o)
 .ARM.attributes
                0x000004a2       0x22 c:/ac6/systemworkbench/plugins/fr.ac6.mcu.externaltools.arm-none.win32_1.17.0.201812190825/tools/compiler/bin/../lib/gcc/arm-none-eabi/7.3.1/thumb/v7e-m/fpv4-sp/hard/crtn.o
OUTPUT(interactive_clothing_final.elf elf32-littlearm)

.debug_info     0x00000000     0x8d2e
 .debug_info    0x00000000      0xa17 Drivers/STM32F4xx_HAL_Driver/Src/stm32f4xx_hal.o
 .debug_info    0x00000a17     0x1221 Drivers/STM32F4xx_HAL_Driver/Src/stm32f4xx_hal_cortex.o
 .debug_info    0x00001c38      0x92e Drivers/STM32F4xx_HAL_Driver/Src/stm32f4xx_hal_gpio.o
 .debug_info    0x00002566      0xd2e Drivers/STM32F4xx_HAL_Driver/Src/stm32f4xx_hal_rcc.o
 .debug_info    0x00003294      0xd6e Src/cm_state.o
 .debug_info    0x00004002      0xc66 Src/dalekomir.o
 .debug_info    0x00004c68      0x5d3 Src/dalekomir_state.o
 .debug_info    0x0000523b      0x9fa Src/gpio.o
 .debug_info    0x00005c35     0x1584 Src/led_tape.o
 .debug_info    0x000071b9     0x102f Src/main.o
 .debug_info    0x000081e8      0x362 Src/stm32f4xx_hal_msp.o
 .debug_info    0x0000854a      0x269 Src/stm32f4xx_it.o
 .debug_info    0x000087b3      0x559 Src/system_stm32f4xx.o
 .debug_info    0x00008d0c       0x22 startup/startup_stm32f407xx.o

.debug_abbrev   0x00000000     0x1b03
 .debug_abbrev  0x00000000      0x1ed Drivers/STM32F4xx_HAL_Driver/Src/stm32f4xx_hal.o
 .debug_abbrev  0x000001ed      0x343 Drivers/STM32F4xx_HAL_Driver/Src/stm32f4xx_hal_cortex.o
 .debug_abbrev  0x00000530      0x21e Drivers/STM32F4xx_HAL_Driver/Src/stm32f4xx_hal_gpio.o
 .debug_abbrev  0x0000074e      0x284 Drivers/STM32F4xx_HAL_Driver/Src/stm32f4xx_hal_rcc.o
 .debug_abbrev  0x000009d2      0x238 Src/cm_state.o
 .debug_abbrev  0x00000c0a      0x2ca Src/dalekomir.o
 .debug_abbrev  0x00000ed4      0x165 Src/dalekomir_state.o
 .debug_abbrev  0x00001039      0x17c Src/gpio.o
 .debug_abbrev  0x000011b5      0x338 Src/led_tape.o
 .debug_abbrev  0x000014ed      0x2d5 Src/main.o
 .debug_abbrev  0x000017c2      0x109 Src/stm32f4xx_hal_msp.o
 .debug_abbrev  0x000018cb       0xfb Src/stm32f4xx_it.o
 .debug_abbrev  0x000019c6      0x12b Src/system_stm32f4xx.o
 .debug_abbrev  0x00001af1       0x12 startup/startup_stm32f407xx.o

.debug_loc      0x00000000     0x19e6
 .debug_loc     0x00000000      0x10c Drivers/STM32F4xx_HAL_Driver/Src/stm32f4xx_hal.o
 .debug_loc     0x0000010c      0x772 Drivers/STM32F4xx_HAL_Driver/Src/stm32f4xx_hal_cortex.o
 .debug_loc     0x0000087e      0x596 Drivers/STM32F4xx_HAL_Driver/Src/stm32f4xx_hal_gpio.o
 .debug_loc     0x00000e14      0x417 Drivers/STM32F4xx_HAL_Driver/Src/stm32f4xx_hal_rcc.o
 .debug_loc     0x0000122b       0xc2 Src/cm_state.o
 .debug_loc     0x000012ed       0x3f Src/dalekomir.o
 .debug_loc     0x0000132c      0x131 Src/dalekomir_state.o
 .debug_loc     0x0000145d      0x42a Src/led_tape.o
 .debug_loc     0x00001887       0x21 Src/main.o
 .debug_loc     0x000018a8      0x13e Src/system_stm32f4xx.o

.debug_aranges  0x00000000      0x490
 .debug_aranges
                0x00000000       0xf0 Drivers/STM32F4xx_HAL_Driver/Src/stm32f4xx_hal.o
 .debug_aranges
                0x000000f0       0xa8 Drivers/STM32F4xx_HAL_Driver/Src/stm32f4xx_hal_cortex.o
 .debug_aranges
                0x00000198       0x58 Drivers/STM32F4xx_HAL_Driver/Src/stm32f4xx_hal_gpio.o
 .debug_aranges
                0x000001f0       0x88 Drivers/STM32F4xx_HAL_Driver/Src/stm32f4xx_hal_rcc.o
 .debug_aranges
                0x00000278       0x20 Src/cm_state.o
 .debug_aranges
                0x00000298       0x50 Src/dalekomir.o
 .debug_aranges
                0x000002e8       0x20 Src/dalekomir_state.o
 .debug_aranges
                0x00000308       0x20 Src/gpio.o
 .debug_aranges
                0x00000328       0x48 Src/led_tape.o
 .debug_aranges
                0x00000370       0x48 Src/main.o
 .debug_aranges
                0x000003b8       0x20 Src/stm32f4xx_hal_msp.o
 .debug_aranges
                0x000003d8       0x68 Src/stm32f4xx_it.o
 .debug_aranges
                0x00000440       0x28 Src/system_stm32f4xx.o
 .debug_aranges
                0x00000468       0x28 startup/startup_stm32f407xx.o

.debug_ranges   0x00000000      0x670
 .debug_ranges  0x00000000       0xe0 Drivers/STM32F4xx_HAL_Driver/Src/stm32f4xx_hal.o
 .debug_ranges  0x000000e0      0x128 Drivers/STM32F4xx_HAL_Driver/Src/stm32f4xx_hal_cortex.o
 .debug_ranges  0x00000208       0x48 Drivers/STM32F4xx_HAL_Driver/Src/stm32f4xx_hal_gpio.o
 .debug_ranges  0x00000250       0x90 Drivers/STM32F4xx_HAL_Driver/Src/stm32f4xx_hal_rcc.o
 .debug_ranges  0x000002e0       0x10 Src/cm_state.o
 .debug_ranges  0x000002f0       0x40 Src/dalekomir.o
 .debug_ranges  0x00000330       0x10 Src/dalekomir_state.o
 .debug_ranges  0x00000340       0x10 Src/gpio.o
 .debug_ranges  0x00000350      0x248 Src/led_tape.o
 .debug_ranges  0x00000598       0x38 Src/main.o
 .debug_ranges  0x000005d0       0x10 Src/stm32f4xx_hal_msp.o
 .debug_ranges  0x000005e0       0x58 Src/stm32f4xx_it.o
 .debug_ranges  0x00000638       0x18 Src/system_stm32f4xx.o
 .debug_ranges  0x00000650       0x20 startup/startup_stm32f407xx.o

.debug_macro    0x00000000    0x206f5
 .debug_macro   0x00000000      0x210 Drivers/STM32F4xx_HAL_Driver/Src/stm32f4xx_hal.o
 .debug_macro   0x00000210      0xa60 Drivers/STM32F4xx_HAL_Driver/Src/stm32f4xx_hal.o
 .debug_macro   0x00000c70      0x185 Drivers/STM32F4xx_HAL_Driver/Src/stm32f4xx_hal.o
 .debug_macro   0x00000df5       0x32 Drivers/STM32F4xx_HAL_Driver/Src/stm32f4xx_hal.o
 .debug_macro   0x00000e27       0x2f Drivers/STM32F4xx_HAL_Driver/Src/stm32f4xx_hal.o
 .debug_macro   0x00000e56       0x22 Drivers/STM32F4xx_HAL_Driver/Src/stm32f4xx_hal.o
 .debug_macro   0x00000e78       0x8e Drivers/STM32F4xx_HAL_Driver/Src/stm32f4xx_hal.o
 .debug_macro   0x00000f06       0x51 Drivers/STM32F4xx_HAL_Driver/Src/stm32f4xx_hal.o
 .debug_macro   0x00000f57       0xef Drivers/STM32F4xx_HAL_Driver/Src/stm32f4xx_hal.o
 .debug_macro   0x00001046       0x6a Drivers/STM32F4xx_HAL_Driver/Src/stm32f4xx_hal.o
 .debug_macro   0x000010b0      0x1df Drivers/STM32F4xx_HAL_Driver/Src/stm32f4xx_hal.o
 .debug_macro   0x0000128f       0x1c Drivers/STM32F4xx_HAL_Driver/Src/stm32f4xx_hal.o
 .debug_macro   0x000012ab       0x22 Drivers/STM32F4xx_HAL_Driver/Src/stm32f4xx_hal.o
 .debug_macro   0x000012cd       0xdf Drivers/STM32F4xx_HAL_Driver/Src/stm32f4xx_hal.o
 .debug_macro   0x000013ac     0x102d Drivers/STM32F4xx_HAL_Driver/Src/stm32f4xx_hal.o
 .debug_macro   0x000023d9      0x11f Drivers/STM32F4xx_HAL_Driver/Src/stm32f4xx_hal.o
 .debug_macro   0x000024f8    0x15e3c Drivers/STM32F4xx_HAL_Driver/Src/stm32f4xx_hal.o
 .debug_macro   0x00018334       0x43 Drivers/STM32F4xx_HAL_Driver/Src/stm32f4xx_hal.o
 .debug_macro   0x00018377     0x3652 Drivers/STM32F4xx_HAL_Driver/Src/stm32f4xx_hal.o
 .debug_macro   0x0001b9c9      0x174 Drivers/STM32F4xx_HAL_Driver/Src/stm32f4xx_hal.o
 .debug_macro   0x0001bb3d       0x4e Drivers/STM32F4xx_HAL_Driver/Src/stm32f4xx_hal.o
 .debug_macro   0x0001bb8b      0x96b Drivers/STM32F4xx_HAL_Driver/Src/stm32f4xx_hal.o
 .debug_macro   0x0001c4f6      0x9fe Drivers/STM32F4xx_HAL_Driver/Src/stm32f4xx_hal.o
 .debug_macro   0x0001cef4      0x174 Drivers/STM32F4xx_HAL_Driver/Src/stm32f4xx_hal.o
 .debug_macro   0x0001d068      0x117 Drivers/STM32F4xx_HAL_Driver/Src/stm32f4xx_hal.o
 .debug_macro   0x0001d17f      0x13e Drivers/STM32F4xx_HAL_Driver/Src/stm32f4xx_hal.o
 .debug_macro   0x0001d2bd       0x27 Drivers/STM32F4xx_HAL_Driver/Src/stm32f4xx_hal.o
 .debug_macro   0x0001d2e4      0x287 Drivers/STM32F4xx_HAL_Driver/Src/stm32f4xx_hal.o
 .debug_macro   0x0001d56b       0x5f Drivers/STM32F4xx_HAL_Driver/Src/stm32f4xx_hal.o
 .debug_macro   0x0001d5ca      0x236 Drivers/STM32F4xx_HAL_Driver/Src/stm32f4xx_hal.o
 .debug_macro   0x0001d800      0x12c Drivers/STM32F4xx_HAL_Driver/Src/stm32f4xx_hal.o
 .debug_macro   0x0001d92c      0x21e Drivers/STM32F4xx_HAL_Driver/Src/stm32f4xx_hal.o
 .debug_macro   0x0001db4a       0x2e Drivers/STM32F4xx_HAL_Driver/Src/stm32f4xx_hal.o
 .debug_macro   0x0001db78      0x11a Drivers/STM32F4xx_HAL_Driver/Src/stm32f4xx_hal.o
 .debug_macro   0x0001dc92       0x7e Drivers/STM32F4xx_HAL_Driver/Src/stm32f4xx_hal.o
 .debug_macro   0x0001dd10       0x89 Drivers/STM32F4xx_HAL_Driver/Src/stm32f4xx_hal.o
 .debug_macro   0x0001dd99      0x12d Drivers/STM32F4xx_HAL_Driver/Src/stm32f4xx_hal.o
 .debug_macro   0x0001dec6      0x1b0 Drivers/STM32F4xx_HAL_Driver/Src/stm32f4xx_hal_cortex.o
 .debug_macro   0x0001e076      0x1e6 Drivers/STM32F4xx_HAL_Driver/Src/stm32f4xx_hal_gpio.o
 .debug_macro   0x0001e25c      0x1d4 Drivers/STM32F4xx_HAL_Driver/Src/stm32f4xx_hal_rcc.o
 .debug_macro   0x0001e430      0x29f Src/cm_state.o
 .debug_macro   0x0001e6cf      0x184 Src/cm_state.o
 .debug_macro   0x0001e853       0x18 Src/cm_state.o
 .debug_macro   0x0001e86b       0x5e Src/cm_state.o
 .debug_macro   0x0001e8c9       0x35 Src/cm_state.o
 .debug_macro   0x0001e8fe       0x34 Src/cm_state.o
 .debug_macro   0x0001e932       0x16 Src/cm_state.o
 .debug_macro   0x0001e948       0x35 Src/cm_state.o
 .debug_macro   0x0001e97d       0x58 Src/cm_state.o
 .debug_macro   0x0001e9d5       0x1f Src/cm_state.o
 .debug_macro   0x0001e9f4       0x43 Src/cm_state.o
 .debug_macro   0x0001ea37       0x20 Src/cm_state.o
 .debug_macro   0x0001ea57      0x18e Src/cm_state.o
 .debug_macro   0x0001ebe5      0x32a Src/cm_state.o
 .debug_macro   0x0001ef0f       0x16 Src/cm_state.o
 .debug_macro   0x0001ef25       0x29 Src/cm_state.o
 .debug_macro   0x0001ef4e       0x22 Src/cm_state.o
 .debug_macro   0x0001ef70      0x298 Src/dalekomir.o
 .debug_macro   0x0001f208      0x1cd Src/dalekomir_state.o
 .debug_macro   0x0001f3d5      0x1c9 Src/gpio.o
 .debug_macro   0x0001f59e      0x28b Src/led_tape.o
 .debug_macro   0x0001f829       0x58 Src/led_tape.o
 .debug_macro   0x0001f881       0x94 Src/led_tape.o
 .debug_macro   0x0001f915      0x10e Src/led_tape.o
 .debug_macro   0x0001fa23       0x8d Src/led_tape.o
 .debug_macro   0x0001fab0       0x57 Src/led_tape.o
 .debug_macro   0x0001fb07      0x330 Src/led_tape.o
 .debug_macro   0x0001fe37       0xd9 Src/led_tape.o
 .debug_macro   0x0001ff10      0x2a7 Src/main.o
 .debug_macro   0x000201b7      0x1bf Src/stm32f4xx_hal_msp.o
 .debug_macro   0x00020376      0x1c9 Src/stm32f4xx_it.o
 .debug_macro   0x0002053f      0x1b6 Src/system_stm32f4xx.o

.debug_line     0x00000000     0x69da
 .debug_line    0x00000000      0x8bc Drivers/STM32F4xx_HAL_Driver/Src/stm32f4xx_hal.o
 .debug_line    0x000008bc      0x9a8 Drivers/STM32F4xx_HAL_Driver/Src/stm32f4xx_hal_cortex.o
 .debug_line    0x00001264      0x966 Drivers/STM32F4xx_HAL_Driver/Src/stm32f4xx_hal_gpio.o
 .debug_line    0x00001bca      0xa87 Drivers/STM32F4xx_HAL_Driver/Src/stm32f4xx_hal_rcc.o
 .debug_line    0x00002651      0x77c Src/cm_state.o
 .debug_line    0x00002dcd      0x7bb Src/dalekomir.o
 .debug_line    0x00003588      0x6de Src/dalekomir_state.o
 .debug_line    0x00003c66      0x704 Src/gpio.o
 .debug_line    0x0000436a      0x93d Src/led_tape.o
 .debug_line    0x00004ca7      0x7fc Src/main.o
 .debug_line    0x000054a3      0x6a7 Src/stm32f4xx_hal_msp.o
 .debug_line    0x00005b4a      0x749 Src/stm32f4xx_it.o
 .debug_line    0x00006293      0x6c8 Src/system_stm32f4xx.o
 .debug_line    0x0000695b       0x7f startup/startup_stm32f407xx.o

.debug_str      0x00000000    0xbe517
 .debug_str     0x00000000    0xba47c Drivers/STM32F4xx_HAL_Driver/Src/stm32f4xx_hal.o
                              0xba803 (size before relaxing)
 .debug_str     0x000ba47c      0x3c4 Drivers/STM32F4xx_HAL_Driver/Src/stm32f4xx_hal_cortex.o
                              0xba5c1 (size before relaxing)
 .debug_str     0x000ba840      0x287 Drivers/STM32F4xx_HAL_Driver/Src/stm32f4xx_hal_gpio.o
                              0xb9f30 (size before relaxing)
 .debug_str     0x000baac7      0x38f Drivers/STM32F4xx_HAL_Driver/Src/stm32f4xx_hal_rcc.o
                              0xba105 (size before relaxing)
 .debug_str     0x000bae56     0x3316 Src/cm_state.o
                              0xbcf14 (size before relaxing)
 .debug_str     0x000be16c      0x103 Src/dalekomir.o
                              0xbcf15 (size before relaxing)
 .debug_str     0x000be26f       0x40 Src/dalekomir_state.o
                              0xba2b0 (size before relaxing)
 .debug_str     0x000be2af       0x1b Src/gpio.o
                              0xba868 (size before relaxing)
 .debug_str     0x000be2ca       0x5f Src/led_tape.o
                              0xbce84 (size before relaxing)
 .debug_str     0x000be329       0x81 Src/main.o
                              0xbd1ea (size before relaxing)
 .debug_str     0x000be3aa       0x1b Src/stm32f4xx_hal_msp.o
                              0xba297 (size before relaxing)
 .debug_str     0x000be3c5       0xc9 Src/stm32f4xx_it.o
                              0xba26f (size before relaxing)
 .debug_str     0x000be48e       0x5a Src/system_stm32f4xx.o
                              0xb9cde (size before relaxing)
 .debug_str     0x000be4e8       0x2f startup/startup_stm32f407xx.o
                                 0x69 (size before relaxing)

.comment        0x00000000       0x7f
 .comment       0x00000000       0x7f Drivers/STM32F4xx_HAL_Driver/Src/stm32f4xx_hal.o
                                 0x80 (size before relaxing)
 .comment       0x0000007f       0x80 Drivers/STM32F4xx_HAL_Driver/Src/stm32f4xx_hal_cortex.o
 .comment       0x0000007f       0x80 Drivers/STM32F4xx_HAL_Driver/Src/stm32f4xx_hal_gpio.o
 .comment       0x0000007f       0x80 Drivers/STM32F4xx_HAL_Driver/Src/stm32f4xx_hal_rcc.o
 .comment       0x0000007f       0x80 Src/cm_state.o
 .comment       0x0000007f       0x80 Src/dalekomir.o
 .comment       0x0000007f       0x80 Src/dalekomir_state.o
 .comment       0x0000007f       0x80 Src/gpio.o
 .comment       0x0000007f       0x80 Src/led_tape.o
 .comment       0x0000007f       0x80 Src/main.o
 .comment       0x0000007f       0x80 Src/stm32f4xx_hal_msp.o
 .comment       0x0000007f       0x80 Src/stm32f4xx_it.o
 .comment       0x0000007f       0x80 Src/system_stm32f4xx.o

.debug_frame    0x00000000      0xb44
 .debug_frame   0x00000000      0x1f0 Drivers/STM32F4xx_HAL_Driver/Src/stm32f4xx_hal.o
 .debug_frame   0x000001f0      0x19c Drivers/STM32F4xx_HAL_Driver/Src/stm32f4xx_hal_cortex.o
 .debug_frame   0x0000038c       0xfc Drivers/STM32F4xx_HAL_Driver/Src/stm32f4xx_hal_gpio.o
 .debug_frame   0x00000488      0x188 Drivers/STM32F4xx_HAL_Driver/Src/stm32f4xx_hal_rcc.o
 .debug_frame   0x00000610       0x2c Src/cm_state.o
 .debug_frame   0x0000063c       0x80 Src/dalekomir.o
 .debug_frame   0x000006bc       0x2c Src/dalekomir_state.o
 .debug_frame   0x000006e8       0x40 Src/gpio.o
 .debug_frame   0x00000728       0xa0 Src/led_tape.o
 .debug_frame   0x000007c8       0x98 Src/main.o
 .debug_frame   0x00000860       0x28 Src/stm32f4xx_hal_msp.o
 .debug_frame   0x00000888       0xc0 Src/stm32f4xx_it.o
 .debug_frame   0x00000948       0x30 Src/system_stm32f4xx.o
 .debug_frame   0x00000978       0xac c:/ac6/systemworkbench/plugins/fr.ac6.mcu.externaltools.arm-none.win32_1.17.0.201812190825/tools/compiler/bin/../lib/gcc/arm-none-eabi/7.3.1/thumb/v7e-m/fpv4-sp/hard\libgcc.a(_arm_addsubdf3.o)
 .debug_frame   0x00000a24       0x50 c:/ac6/systemworkbench/plugins/fr.ac6.mcu.externaltools.arm-none.win32_1.17.0.201812190825/tools/compiler/bin/../lib/gcc/arm-none-eabi/7.3.1/thumb/v7e-m/fpv4-sp/hard\libgcc.a(_arm_muldivdf3.o)
 .debug_frame   0x00000a74       0x24 c:/ac6/systemworkbench/plugins/fr.ac6.mcu.externaltools.arm-none.win32_1.17.0.201812190825/tools/compiler/bin/../lib/gcc/arm-none-eabi/7.3.1/thumb/v7e-m/fpv4-sp/hard\libgcc.a(_arm_fixdfsi.o)
 .debug_frame   0x00000a98       0x2c c:/ac6/systemworkbench/plugins/fr.ac6.mcu.externaltools.arm-none.win32_1.17.0.201812190825/tools/compiler/bin/../lib/gcc/arm-none-eabi/7.3.1/thumb/v7e-m/fpv4-sp/hard\libgcc.a(_aeabi_uldivmod.o)
 .debug_frame   0x00000ac4       0x34 c:/ac6/systemworkbench/plugins/fr.ac6.mcu.externaltools.arm-none.win32_1.17.0.201812190825/tools/compiler/bin/../lib/gcc/arm-none-eabi/7.3.1/thumb/v7e-m/fpv4-sp/hard\libgcc.a(_udivmoddi4.o)
 .debug_frame   0x00000af8       0x2c c:/ac6/systemworkbench/plugins/fr.ac6.mcu.externaltools.arm-none.win32_1.17.0.201812190825/tools/compiler/bin/../lib/gcc/arm-none-eabi/7.3.1/../../../../arm-none-eabi/lib/thumb/v7e-m/fpv4-sp/hard\libc_nano.a(lib_a-init.o)
 .debug_frame   0x00000b24       0x20 c:/ac6/systemworkbench/plugins/fr.ac6.mcu.externaltools.arm-none.win32_1.17.0.201812190825/tools/compiler/bin/../lib/gcc/arm-none-eabi/7.3.1/../../../../arm-none-eabi/lib/thumb/v7e-m/fpv4-sp/hard\libc_nano.a(lib_a-memset.o)
